ARM GAS  C:\Users\ramanatg\AppData\Local\Temp\ccRBajVP.s 			page 1


   1              		.cpu cortex-m0
   2              		.fpu softvfp
   3              		.eabi_attribute 20, 1
   4              		.eabi_attribute 21, 1
   5              		.eabi_attribute 23, 3
   6              		.eabi_attribute 24, 1
   7              		.eabi_attribute 25, 1
   8              		.eabi_attribute 26, 1
   9              		.eabi_attribute 30, 2
  10              		.eabi_attribute 34, 0
  11              		.eabi_attribute 18, 4
  12              		.code	16
  13              		.file	"cyfitter_cfg.c"
  14              		.text
  15              	.Ltext0:
  16              		.cfi_sections	.debug_frame
  17              		.section	.psocinit,"ax",%progbits
  18              		.align	2
  19              		.global	cyfitter_cfg
  20              		.code	16
  21              		.thumb_func
  22              		.type	cyfitter_cfg, %function
  23              	cyfitter_cfg:
  24              	.LFB7:
  25              		.file 1 "Generated_Source\\PSoC4\\cyfitter_cfg.c"
   1:Generated_Source\PSoC4/cyfitter_cfg.c **** /*******************************************************************************
   2:Generated_Source\PSoC4/cyfitter_cfg.c **** * File Name: cyfitter_cfg.c
   3:Generated_Source\PSoC4/cyfitter_cfg.c **** * 
   4:Generated_Source\PSoC4/cyfitter_cfg.c **** * PSoC Creator  4.0 Update 1
   5:Generated_Source\PSoC4/cyfitter_cfg.c **** *
   6:Generated_Source\PSoC4/cyfitter_cfg.c **** * Description:
   7:Generated_Source\PSoC4/cyfitter_cfg.c **** * This file contains device initialization code.
   8:Generated_Source\PSoC4/cyfitter_cfg.c **** * Except for the user defined sections in CyClockStartupError(), this file should not be modified.
   9:Generated_Source\PSoC4/cyfitter_cfg.c **** * This file is automatically generated by PSoC Creator.
  10:Generated_Source\PSoC4/cyfitter_cfg.c **** *
  11:Generated_Source\PSoC4/cyfitter_cfg.c **** ********************************************************************************
  12:Generated_Source\PSoC4/cyfitter_cfg.c **** * Copyright (c) 2007-2016 Cypress Semiconductor.  All rights reserved.
  13:Generated_Source\PSoC4/cyfitter_cfg.c **** * You may use this file only in accordance with the license, terms, conditions, 
  14:Generated_Source\PSoC4/cyfitter_cfg.c **** * disclaimers, and limitations in the end user license agreement accompanying 
  15:Generated_Source\PSoC4/cyfitter_cfg.c **** * the software package with which this file was provided.
  16:Generated_Source\PSoC4/cyfitter_cfg.c **** ********************************************************************************/
  17:Generated_Source\PSoC4/cyfitter_cfg.c **** 
  18:Generated_Source\PSoC4/cyfitter_cfg.c **** #include <string.h>
  19:Generated_Source\PSoC4/cyfitter_cfg.c **** #include "cytypes.h"
  20:Generated_Source\PSoC4/cyfitter_cfg.c **** #include "cydevice_trm.h"
  21:Generated_Source\PSoC4/cyfitter_cfg.c **** #include "cyfitter.h"
  22:Generated_Source\PSoC4/cyfitter_cfg.c **** #include "CyLib.h"
  23:Generated_Source\PSoC4/cyfitter_cfg.c **** #include "cyfitter_cfg.h"
  24:Generated_Source\PSoC4/cyfitter_cfg.c **** 
  25:Generated_Source\PSoC4/cyfitter_cfg.c **** 
  26:Generated_Source\PSoC4/cyfitter_cfg.c **** #if defined(__GNUC__) || defined(__ARMCC_VERSION)
  27:Generated_Source\PSoC4/cyfitter_cfg.c ****     #define CYPACKED 
  28:Generated_Source\PSoC4/cyfitter_cfg.c ****     #define CYPACKED_ATTR __attribute__ ((packed))
  29:Generated_Source\PSoC4/cyfitter_cfg.c ****     #define CYALIGNED __attribute__ ((aligned))
  30:Generated_Source\PSoC4/cyfitter_cfg.c ****     #define CY_CFG_UNUSED __attribute__ ((unused))
  31:Generated_Source\PSoC4/cyfitter_cfg.c ****     #ifndef CY_CFG_SECTION
  32:Generated_Source\PSoC4/cyfitter_cfg.c ****         #define CY_CFG_SECTION __attribute__ ((section(".psocinit")))
ARM GAS  C:\Users\ramanatg\AppData\Local\Temp\ccRBajVP.s 			page 2


  33:Generated_Source\PSoC4/cyfitter_cfg.c ****     #endif
  34:Generated_Source\PSoC4/cyfitter_cfg.c ****     
  35:Generated_Source\PSoC4/cyfitter_cfg.c ****     #if defined(__ARMCC_VERSION)
  36:Generated_Source\PSoC4/cyfitter_cfg.c ****         #define CY_CFG_MEMORY_BARRIER() __memory_changed()
  37:Generated_Source\PSoC4/cyfitter_cfg.c ****     #else
  38:Generated_Source\PSoC4/cyfitter_cfg.c ****         #define CY_CFG_MEMORY_BARRIER() __sync_synchronize()
  39:Generated_Source\PSoC4/cyfitter_cfg.c ****     #endif
  40:Generated_Source\PSoC4/cyfitter_cfg.c ****     
  41:Generated_Source\PSoC4/cyfitter_cfg.c **** #elif defined(__ICCARM__)
  42:Generated_Source\PSoC4/cyfitter_cfg.c ****     #include <intrinsics.h>
  43:Generated_Source\PSoC4/cyfitter_cfg.c **** 
  44:Generated_Source\PSoC4/cyfitter_cfg.c ****     #define CYPACKED __packed
  45:Generated_Source\PSoC4/cyfitter_cfg.c ****     #define CYPACKED_ATTR 
  46:Generated_Source\PSoC4/cyfitter_cfg.c ****     #define CYALIGNED _Pragma("data_alignment=4")
  47:Generated_Source\PSoC4/cyfitter_cfg.c ****     #define CY_CFG_UNUSED _Pragma("diag_suppress=Pe177")
  48:Generated_Source\PSoC4/cyfitter_cfg.c ****     #define CY_CFG_SECTION _Pragma("location=\".psocinit\"")
  49:Generated_Source\PSoC4/cyfitter_cfg.c ****     
  50:Generated_Source\PSoC4/cyfitter_cfg.c ****     #define CY_CFG_MEMORY_BARRIER() __DMB()
  51:Generated_Source\PSoC4/cyfitter_cfg.c ****     
  52:Generated_Source\PSoC4/cyfitter_cfg.c **** #else
  53:Generated_Source\PSoC4/cyfitter_cfg.c ****     #error Unsupported toolchain
  54:Generated_Source\PSoC4/cyfitter_cfg.c **** #endif
  55:Generated_Source\PSoC4/cyfitter_cfg.c **** 
  56:Generated_Source\PSoC4/cyfitter_cfg.c **** 
  57:Generated_Source\PSoC4/cyfitter_cfg.c **** CY_CFG_UNUSED
  58:Generated_Source\PSoC4/cyfitter_cfg.c **** static void CYMEMZERO(void *s, size_t n);
  59:Generated_Source\PSoC4/cyfitter_cfg.c **** CY_CFG_UNUSED
  60:Generated_Source\PSoC4/cyfitter_cfg.c **** static void CYMEMZERO(void *s, size_t n)
  61:Generated_Source\PSoC4/cyfitter_cfg.c **** {
  62:Generated_Source\PSoC4/cyfitter_cfg.c **** 	(void)memset(s, 0, n);
  63:Generated_Source\PSoC4/cyfitter_cfg.c **** }
  64:Generated_Source\PSoC4/cyfitter_cfg.c **** CY_CFG_UNUSED
  65:Generated_Source\PSoC4/cyfitter_cfg.c **** static void CYCONFIGCPY(void *dest, const void *src, size_t n);
  66:Generated_Source\PSoC4/cyfitter_cfg.c **** CY_CFG_UNUSED
  67:Generated_Source\PSoC4/cyfitter_cfg.c **** static void CYCONFIGCPY(void *dest, const void *src, size_t n)
  68:Generated_Source\PSoC4/cyfitter_cfg.c **** {
  69:Generated_Source\PSoC4/cyfitter_cfg.c **** 	(void)memcpy(dest, src, n);
  70:Generated_Source\PSoC4/cyfitter_cfg.c **** }
  71:Generated_Source\PSoC4/cyfitter_cfg.c **** CY_CFG_UNUSED
  72:Generated_Source\PSoC4/cyfitter_cfg.c **** static void CYCONFIGCPYCODE(void *dest, const void *src, size_t n);
  73:Generated_Source\PSoC4/cyfitter_cfg.c **** CY_CFG_UNUSED
  74:Generated_Source\PSoC4/cyfitter_cfg.c **** static void CYCONFIGCPYCODE(void *dest, const void *src, size_t n)
  75:Generated_Source\PSoC4/cyfitter_cfg.c **** {
  76:Generated_Source\PSoC4/cyfitter_cfg.c **** 	(void)memcpy(dest, src, n);
  77:Generated_Source\PSoC4/cyfitter_cfg.c **** }
  78:Generated_Source\PSoC4/cyfitter_cfg.c **** 
  79:Generated_Source\PSoC4/cyfitter_cfg.c **** 
  80:Generated_Source\PSoC4/cyfitter_cfg.c **** 
  81:Generated_Source\PSoC4/cyfitter_cfg.c **** 
  82:Generated_Source\PSoC4/cyfitter_cfg.c **** /* Clock startup error codes                                                   */
  83:Generated_Source\PSoC4/cyfitter_cfg.c **** #define CYCLOCKSTART_NO_ERROR    0u
  84:Generated_Source\PSoC4/cyfitter_cfg.c **** #define CYCLOCKSTART_XTAL_ERROR  1u
  85:Generated_Source\PSoC4/cyfitter_cfg.c **** #define CYCLOCKSTART_32KHZ_ERROR 2u
  86:Generated_Source\PSoC4/cyfitter_cfg.c **** #define CYCLOCKSTART_PLL_ERROR   3u
  87:Generated_Source\PSoC4/cyfitter_cfg.c **** 
  88:Generated_Source\PSoC4/cyfitter_cfg.c **** 
  89:Generated_Source\PSoC4/cyfitter_cfg.c **** #ifdef CY_NEED_CYCLOCKSTARTUPERROR
ARM GAS  C:\Users\ramanatg\AppData\Local\Temp\ccRBajVP.s 			page 3


  90:Generated_Source\PSoC4/cyfitter_cfg.c **** /*******************************************************************************
  91:Generated_Source\PSoC4/cyfitter_cfg.c **** * Function Name: CyClockStartupError
  92:Generated_Source\PSoC4/cyfitter_cfg.c **** ********************************************************************************
  93:Generated_Source\PSoC4/cyfitter_cfg.c **** * Summary:
  94:Generated_Source\PSoC4/cyfitter_cfg.c **** *  If an error is encountered during clock configuration (crystal startup error,
  95:Generated_Source\PSoC4/cyfitter_cfg.c **** *  PLL lock error, etc.), the system will end up here.  Unless reimplemented by
  96:Generated_Source\PSoC4/cyfitter_cfg.c **** *  the customer, this function will stop in an infinite loop.
  97:Generated_Source\PSoC4/cyfitter_cfg.c **** *
  98:Generated_Source\PSoC4/cyfitter_cfg.c **** * Parameters:
  99:Generated_Source\PSoC4/cyfitter_cfg.c **** *   void
 100:Generated_Source\PSoC4/cyfitter_cfg.c **** *
 101:Generated_Source\PSoC4/cyfitter_cfg.c **** * Return:
 102:Generated_Source\PSoC4/cyfitter_cfg.c **** *   void
 103:Generated_Source\PSoC4/cyfitter_cfg.c **** *
 104:Generated_Source\PSoC4/cyfitter_cfg.c **** *******************************************************************************/
 105:Generated_Source\PSoC4/cyfitter_cfg.c **** CY_CFG_UNUSED
 106:Generated_Source\PSoC4/cyfitter_cfg.c **** static void CyClockStartupError(uint8 errorCode);
 107:Generated_Source\PSoC4/cyfitter_cfg.c **** CY_CFG_UNUSED
 108:Generated_Source\PSoC4/cyfitter_cfg.c **** static void CyClockStartupError(uint8 errorCode)
 109:Generated_Source\PSoC4/cyfitter_cfg.c **** {
 110:Generated_Source\PSoC4/cyfitter_cfg.c ****     /* To remove the compiler warning if errorCode not used.                */
 111:Generated_Source\PSoC4/cyfitter_cfg.c ****     errorCode = errorCode;
 112:Generated_Source\PSoC4/cyfitter_cfg.c **** 
 113:Generated_Source\PSoC4/cyfitter_cfg.c ****     /* If we have a clock startup error (bad MHz crystal, PLL lock, etc.),  */
 114:Generated_Source\PSoC4/cyfitter_cfg.c ****     /* we will end up here to allow the customer to implement something to  */
 115:Generated_Source\PSoC4/cyfitter_cfg.c ****     /* deal with the clock condition.                                       */
 116:Generated_Source\PSoC4/cyfitter_cfg.c **** 
 117:Generated_Source\PSoC4/cyfitter_cfg.c **** #ifdef CY_CFG_CLOCK_STARTUP_ERROR_CALLBACK
 118:Generated_Source\PSoC4/cyfitter_cfg.c **** 	CY_CFG_Clock_Startup_ErrorCallback();
 119:Generated_Source\PSoC4/cyfitter_cfg.c **** #else
 120:Generated_Source\PSoC4/cyfitter_cfg.c **** 	/*  If not using CY_CFG_CLOCK_STARTUP_ERROR_CALLBACK, place your clock startup code here. */
 121:Generated_Source\PSoC4/cyfitter_cfg.c ****     /* `#START CyClockStartupError` */
 122:Generated_Source\PSoC4/cyfitter_cfg.c **** 
 123:Generated_Source\PSoC4/cyfitter_cfg.c **** 
 124:Generated_Source\PSoC4/cyfitter_cfg.c **** 
 125:Generated_Source\PSoC4/cyfitter_cfg.c ****     /* `#END` */
 126:Generated_Source\PSoC4/cyfitter_cfg.c **** 
 127:Generated_Source\PSoC4/cyfitter_cfg.c ****     /* If nothing else, stop here since the clocks have not started         */
 128:Generated_Source\PSoC4/cyfitter_cfg.c ****     /* correctly.                                                           */
 129:Generated_Source\PSoC4/cyfitter_cfg.c ****     while(1) {}
 130:Generated_Source\PSoC4/cyfitter_cfg.c **** #endif /* CY_CFG_CLOCK_STARTUP_ERROR_CALLBACK */ 
 131:Generated_Source\PSoC4/cyfitter_cfg.c **** }
 132:Generated_Source\PSoC4/cyfitter_cfg.c **** #endif
 133:Generated_Source\PSoC4/cyfitter_cfg.c **** 
 134:Generated_Source\PSoC4/cyfitter_cfg.c **** 
 135:Generated_Source\PSoC4/cyfitter_cfg.c **** 
 136:Generated_Source\PSoC4/cyfitter_cfg.c **** /*******************************************************************************
 137:Generated_Source\PSoC4/cyfitter_cfg.c **** * Function Name: ClockSetup
 138:Generated_Source\PSoC4/cyfitter_cfg.c **** ********************************************************************************
 139:Generated_Source\PSoC4/cyfitter_cfg.c **** *
 140:Generated_Source\PSoC4/cyfitter_cfg.c **** * Summary:
 141:Generated_Source\PSoC4/cyfitter_cfg.c **** *   Performs the initialization of all of the clocks in the device based on the
 142:Generated_Source\PSoC4/cyfitter_cfg.c **** *   settings in the Clock tab of the DWR.  This includes enabling the requested
 143:Generated_Source\PSoC4/cyfitter_cfg.c **** *   clocks and setting the necessary dividers to produce the desired frequency. 
 144:Generated_Source\PSoC4/cyfitter_cfg.c **** *
 145:Generated_Source\PSoC4/cyfitter_cfg.c **** * Parameters:
 146:Generated_Source\PSoC4/cyfitter_cfg.c **** *   void
ARM GAS  C:\Users\ramanatg\AppData\Local\Temp\ccRBajVP.s 			page 4


 147:Generated_Source\PSoC4/cyfitter_cfg.c **** *
 148:Generated_Source\PSoC4/cyfitter_cfg.c **** * Return:
 149:Generated_Source\PSoC4/cyfitter_cfg.c **** *   void
 150:Generated_Source\PSoC4/cyfitter_cfg.c **** *
 151:Generated_Source\PSoC4/cyfitter_cfg.c **** *******************************************************************************/
 152:Generated_Source\PSoC4/cyfitter_cfg.c **** static void ClockSetup(void);
 153:Generated_Source\PSoC4/cyfitter_cfg.c **** CY_CFG_SECTION
 154:Generated_Source\PSoC4/cyfitter_cfg.c **** static void ClockSetup(void)
 155:Generated_Source\PSoC4/cyfitter_cfg.c **** {
 156:Generated_Source\PSoC4/cyfitter_cfg.c **** 
 157:Generated_Source\PSoC4/cyfitter_cfg.c **** 	/* Set Flash Cycles based on max possible frequency in case a glitch occurs during ClockSetup(). *
 158:Generated_Source\PSoC4/cyfitter_cfg.c **** 	CY_SET_REG32((void CYXDATA *)(CYREG_CPUSS_FLASH_CTL), (0x0012u));
 159:Generated_Source\PSoC4/cyfitter_cfg.c **** 	/* Setup and trim IMO based on desired frequency. */
 160:Generated_Source\PSoC4/cyfitter_cfg.c **** 	CySysClkWriteImoFreq(24u);
 161:Generated_Source\PSoC4/cyfitter_cfg.c **** 	/* CYDEV_CLK_ILO_CONFIG Starting address: CYDEV_CLK_ILO_CONFIG */
 162:Generated_Source\PSoC4/cyfitter_cfg.c **** 	CY_SET_XTND_REG32((void CYFAR *)(CYREG_CLK_ILO_CONFIG), 0x80000006u);
 163:Generated_Source\PSoC4/cyfitter_cfg.c **** 
 164:Generated_Source\PSoC4/cyfitter_cfg.c **** 
 165:Generated_Source\PSoC4/cyfitter_cfg.c **** 	/* Enable fast start mode for XO */
 166:Generated_Source\PSoC4/cyfitter_cfg.c **** 	CY_SET_REG32((void*)CYREG_BLE_BLERD_BB_XO, CY_GET_REG32((void*)CYREG_BLE_BLERD_BB_XO) | (uint32)0x
 167:Generated_Source\PSoC4/cyfitter_cfg.c **** 	CY_SET_XTND_REG32((void CYFAR *)(CYREG_BLE_BLERD_BB_XO_CAPTRIM), 0x00002D6Au);
 168:Generated_Source\PSoC4/cyfitter_cfg.c **** 	/*Set XTAL(ECO) divider*/
 169:Generated_Source\PSoC4/cyfitter_cfg.c **** 	CY_SET_XTND_REG32((void CYFAR *)(CYREG_BLE_BLESS_XTAL_CLK_DIV_CONFIG), 0x00000000u);
 170:Generated_Source\PSoC4/cyfitter_cfg.c **** 	/* Disable Crystal Stable Interrupt before enabling ECO */
 171:Generated_Source\PSoC4/cyfitter_cfg.c **** 	CY_SET_REG32((void*)CYREG_BLE_BLESS_LL_DSM_CTRL, CY_GET_REG32((void*)CYREG_BLE_BLESS_LL_DSM_CTRL) 
 172:Generated_Source\PSoC4/cyfitter_cfg.c **** 	/* Start the ECO and do not check status since it is not needed for HFCLK */
 173:Generated_Source\PSoC4/cyfitter_cfg.c **** 	(void)CySysClkEcoStart(2000u);
 174:Generated_Source\PSoC4/cyfitter_cfg.c **** 	CyDelayUs(1500u); /* Wait to stabalize */
 175:Generated_Source\PSoC4/cyfitter_cfg.c **** 
 176:Generated_Source\PSoC4/cyfitter_cfg.c **** 	/* Setup phase aligned clocks */
 177:Generated_Source\PSoC4/cyfitter_cfg.c **** 	CY_SET_REG32((void *)CYREG_PERI_DIV_16_CTL0, 0x00000200u);
 178:Generated_Source\PSoC4/cyfitter_cfg.c **** 	CY_SET_REG32((void *)CYREG_PERI_DIV_CMD, 0x8000FF40u);
 179:Generated_Source\PSoC4/cyfitter_cfg.c **** 	CY_SET_REG32((void *)CYREG_PERI_DIV_16_CTL1, 0x00001000u);
 180:Generated_Source\PSoC4/cyfitter_cfg.c **** 	CY_SET_REG32((void *)CYREG_PERI_DIV_CMD, 0x8000FF41u);
 181:Generated_Source\PSoC4/cyfitter_cfg.c **** 
 182:Generated_Source\PSoC4/cyfitter_cfg.c **** 	/* CYDEV_CLK_IMO_CONFIG Starting address: CYDEV_CLK_IMO_CONFIG */
 183:Generated_Source\PSoC4/cyfitter_cfg.c **** 	CY_SET_XTND_REG32((void CYFAR *)(CYREG_CLK_IMO_CONFIG), 0x80000000u);
 184:Generated_Source\PSoC4/cyfitter_cfg.c **** 
 185:Generated_Source\PSoC4/cyfitter_cfg.c **** 	/* CYDEV_CLK_SELECT Starting address: CYDEV_CLK_SELECT */
 186:Generated_Source\PSoC4/cyfitter_cfg.c **** 	CY_SET_XTND_REG32((void CYFAR *)(CYREG_CLK_SELECT), 0x00000000u);
 187:Generated_Source\PSoC4/cyfitter_cfg.c **** 
 188:Generated_Source\PSoC4/cyfitter_cfg.c **** 	/* CYDEV_PERI_PCLK_CTL2 Starting address: CYDEV_PERI_PCLK_CTL2 */
 189:Generated_Source\PSoC4/cyfitter_cfg.c **** 	CY_SET_XTND_REG32((void CYFAR *)(CYREG_PERI_PCLK_CTL2), 0x00000040u);
 190:Generated_Source\PSoC4/cyfitter_cfg.c **** 
 191:Generated_Source\PSoC4/cyfitter_cfg.c **** 	/* CYDEV_PERI_PCLK_CTL1 Starting address: CYDEV_PERI_PCLK_CTL1 */
 192:Generated_Source\PSoC4/cyfitter_cfg.c **** 	CY_SET_XTND_REG32((void CYFAR *)(CYREG_PERI_PCLK_CTL1), 0x00000041u);
 193:Generated_Source\PSoC4/cyfitter_cfg.c **** 
 194:Generated_Source\PSoC4/cyfitter_cfg.c **** 	CY_SET_XTND_REG32((void CYFAR *)(CYREG_WDT_CONFIG), 0x00000000u);
 195:Generated_Source\PSoC4/cyfitter_cfg.c **** 	/* Set Flash Cycles based on newly configured 24.00MHz HFCLK. */
 196:Generated_Source\PSoC4/cyfitter_cfg.c **** 	CY_SET_REG32((void CYXDATA *)(CYREG_CPUSS_FLASH_CTL), (0x0011u));
 197:Generated_Source\PSoC4/cyfitter_cfg.c **** }
 198:Generated_Source\PSoC4/cyfitter_cfg.c **** 
 199:Generated_Source\PSoC4/cyfitter_cfg.c **** 
 200:Generated_Source\PSoC4/cyfitter_cfg.c **** /* Analog API Functions */
 201:Generated_Source\PSoC4/cyfitter_cfg.c **** 
 202:Generated_Source\PSoC4/cyfitter_cfg.c **** 
 203:Generated_Source\PSoC4/cyfitter_cfg.c **** /*******************************************************************************
ARM GAS  C:\Users\ramanatg\AppData\Local\Temp\ccRBajVP.s 			page 5


 204:Generated_Source\PSoC4/cyfitter_cfg.c **** * Function Name: AnalogSetDefault
 205:Generated_Source\PSoC4/cyfitter_cfg.c **** ********************************************************************************
 206:Generated_Source\PSoC4/cyfitter_cfg.c **** *
 207:Generated_Source\PSoC4/cyfitter_cfg.c **** * Summary:
 208:Generated_Source\PSoC4/cyfitter_cfg.c **** *  Sets up the analog portions of the chip to default values based on chip
 209:Generated_Source\PSoC4/cyfitter_cfg.c **** *  configuration options from the project.
 210:Generated_Source\PSoC4/cyfitter_cfg.c **** *
 211:Generated_Source\PSoC4/cyfitter_cfg.c **** * Parameters:
 212:Generated_Source\PSoC4/cyfitter_cfg.c **** *  void
 213:Generated_Source\PSoC4/cyfitter_cfg.c **** *
 214:Generated_Source\PSoC4/cyfitter_cfg.c **** * Return:
 215:Generated_Source\PSoC4/cyfitter_cfg.c **** *  void
 216:Generated_Source\PSoC4/cyfitter_cfg.c **** *
 217:Generated_Source\PSoC4/cyfitter_cfg.c **** *******************************************************************************/
 218:Generated_Source\PSoC4/cyfitter_cfg.c **** static void AnalogSetDefault(void);
 219:Generated_Source\PSoC4/cyfitter_cfg.c **** static void AnalogSetDefault(void)
 220:Generated_Source\PSoC4/cyfitter_cfg.c **** {
 221:Generated_Source\PSoC4/cyfitter_cfg.c **** 	CY_SET_XTND_REG32((void CYFAR *)CYREG_CTBM0_DFT_CTRL, 0x00000003u);
 222:Generated_Source\PSoC4/cyfitter_cfg.c **** 	CY_SET_XTND_REG32((void CYFAR *)CYREG_CTBM1_DFT_CTRL, 0x00000003u);
 223:Generated_Source\PSoC4/cyfitter_cfg.c **** 	CY_SET_XTND_REG32((void CYFAR *)CYREG_PASS_DSAB_DSAB_CTRL, 0x00000000u);
 224:Generated_Source\PSoC4/cyfitter_cfg.c **** }
 225:Generated_Source\PSoC4/cyfitter_cfg.c **** 
 226:Generated_Source\PSoC4/cyfitter_cfg.c **** #define CY_AMUX_UNUSED CYREG_CM0_ROM_DWT
 227:Generated_Source\PSoC4/cyfitter_cfg.c **** 
 228:Generated_Source\PSoC4/cyfitter_cfg.c **** 
 229:Generated_Source\PSoC4/cyfitter_cfg.c **** /*******************************************************************************
 230:Generated_Source\PSoC4/cyfitter_cfg.c **** * Function Name: cyfitter_cfg
 231:Generated_Source\PSoC4/cyfitter_cfg.c **** ********************************************************************************
 232:Generated_Source\PSoC4/cyfitter_cfg.c **** * Summary:
 233:Generated_Source\PSoC4/cyfitter_cfg.c **** *  This function is called by the start-up code for the selected device. It
 234:Generated_Source\PSoC4/cyfitter_cfg.c **** *  performs all of the necessary device configuration based on the design
 235:Generated_Source\PSoC4/cyfitter_cfg.c **** *  settings.  This includes settings from the Design Wide Resources (DWR) such
 236:Generated_Source\PSoC4/cyfitter_cfg.c **** *  as Clocks and Pins as well as any component configuration that is necessary.
 237:Generated_Source\PSoC4/cyfitter_cfg.c **** *
 238:Generated_Source\PSoC4/cyfitter_cfg.c **** * Parameters:  
 239:Generated_Source\PSoC4/cyfitter_cfg.c **** *   void
 240:Generated_Source\PSoC4/cyfitter_cfg.c **** *
 241:Generated_Source\PSoC4/cyfitter_cfg.c **** * Return:
 242:Generated_Source\PSoC4/cyfitter_cfg.c **** *   void
 243:Generated_Source\PSoC4/cyfitter_cfg.c **** *
 244:Generated_Source\PSoC4/cyfitter_cfg.c **** *******************************************************************************/
 245:Generated_Source\PSoC4/cyfitter_cfg.c **** CY_CFG_SECTION
 246:Generated_Source\PSoC4/cyfitter_cfg.c **** void cyfitter_cfg(void)
 247:Generated_Source\PSoC4/cyfitter_cfg.c **** {
  26              		.loc 1 247 0
  27              		.cfi_startproc
  28 0000 F8B5     		push	{r3, r4, r5, r6, r7, lr}
  29              		.cfi_def_cfa_offset 24
  30              		.cfi_offset 3, -24
  31              		.cfi_offset 4, -20
  32              		.cfi_offset 5, -16
  33              		.cfi_offset 6, -12
  34              		.cfi_offset 7, -8
  35              		.cfi_offset 14, -4
 248:Generated_Source\PSoC4/cyfitter_cfg.c **** 	/* Disable interrupts by default. Let user enable if/when they want. */
 249:Generated_Source\PSoC4/cyfitter_cfg.c **** 	CyGlobalIntDisable;
  36              		.loc 1 249 0
ARM GAS  C:\Users\ramanatg\AppData\Local\Temp\ccRBajVP.s 			page 6


  37              	@ 249 "Generated_Source\PSoC4\cyfitter_cfg.c" 1
  38 0002 72B6     		CPSID   i
  39              	@ 0 "" 2
  40              		.code	16
  41              	.LBB16:
  42              	.LBB17:
  43              	.LBB18:
  44              	.LBB19:
  62:Generated_Source\PSoC4/cyfitter_cfg.c **** }
  45              		.loc 1 62 0
  46 0004 8025     		mov	r5, #128
  47              	.LBE19:
  48              	.LBE18:
  49              	.LBE17:
  50              	.LBE16:
 250:Generated_Source\PSoC4/cyfitter_cfg.c **** 
 251:Generated_Source\PSoC4/cyfitter_cfg.c **** 	CY_SET_XTND_REG32((void CYFAR *)(CYREG_BLE_BLESS_LL_DSM_CTRL), 0x00000000u);
  51              		.loc 1 251 0
  52 0006 0024     		mov	r4, #0
  53 0008 3F4E     		ldr	r6, .L2
  54              	.LBB26:
  55              	.LBB24:
  56              	.LBB22:
  57              	.LBB20:
  62:Generated_Source\PSoC4/cyfitter_cfg.c **** }
  58              		.loc 1 62 0
  59 000a ED00     		lsl	r5, r5, #3
  60              	.LBE20:
  61              	.LBE22:
  62              	.LBE24:
  63              	.LBE26:
  64              		.loc 1 251 0
  65 000c 3460     		str	r4, [r6]
  66              	.LVL0:
  67              	.LBB27:
  68              	.LBB25:
  69              	.LBB23:
  70              	.LBB21:
  62:Generated_Source\PSoC4/cyfitter_cfg.c **** }
  71              		.loc 1 62 0
  72 000e 2A1C     		mov	r2, r5
  73 0010 0021     		mov	r1, #0
  74 0012 3E48     		ldr	r0, .L2+4
  75 0014 FFF7FEFF 		bl	memset
  76              	.LVL1:
  77 0018 2A1C     		mov	r2, r5
  78 001a 0021     		mov	r1, #0
  79 001c 3C48     		ldr	r0, .L2+8
  80 001e FFF7FEFF 		bl	memset
  81              	.LVL2:
  82              	.LBE21:
  83              	.LBE23:
  84              	.LBE25:
 252:Generated_Source\PSoC4/cyfitter_cfg.c **** 
 253:Generated_Source\PSoC4/cyfitter_cfg.c **** 	{
 254:Generated_Source\PSoC4/cyfitter_cfg.c **** 
 255:Generated_Source\PSoC4/cyfitter_cfg.c **** 		CYPACKED typedef struct {
ARM GAS  C:\Users\ramanatg\AppData\Local\Temp\ccRBajVP.s 			page 7


 256:Generated_Source\PSoC4/cyfitter_cfg.c **** 			void CYFAR *address;
 257:Generated_Source\PSoC4/cyfitter_cfg.c **** 			uint16 size;
 258:Generated_Source\PSoC4/cyfitter_cfg.c **** 		} CYPACKED_ATTR cfg_memset_t;
 259:Generated_Source\PSoC4/cyfitter_cfg.c **** 
 260:Generated_Source\PSoC4/cyfitter_cfg.c **** 		static const cfg_memset_t CYCODE cfg_memset_list [] = {
 261:Generated_Source\PSoC4/cyfitter_cfg.c **** 			/* address, size */
 262:Generated_Source\PSoC4/cyfitter_cfg.c **** 			{(void CYFAR *)(CYDEV_UDB_P0_U0_BASE), 1024u},
 263:Generated_Source\PSoC4/cyfitter_cfg.c **** 			{(void CYFAR *)(CYDEV_UDB_DSI0_BASE), 1024u},
 264:Generated_Source\PSoC4/cyfitter_cfg.c **** 		};
 265:Generated_Source\PSoC4/cyfitter_cfg.c **** 
 266:Generated_Source\PSoC4/cyfitter_cfg.c **** 		uint8 CYDATA i;
 267:Generated_Source\PSoC4/cyfitter_cfg.c **** 
 268:Generated_Source\PSoC4/cyfitter_cfg.c **** 		/* Zero out critical memory blocks before beginning configuration */
 269:Generated_Source\PSoC4/cyfitter_cfg.c **** 		for (i = 0u; i < (sizeof(cfg_memset_list)/sizeof(cfg_memset_list[0])); i++)
 270:Generated_Source\PSoC4/cyfitter_cfg.c **** 		{
 271:Generated_Source\PSoC4/cyfitter_cfg.c **** 			const cfg_memset_t CYCODE * CYDATA ms = &cfg_memset_list[i];
 272:Generated_Source\PSoC4/cyfitter_cfg.c **** 			CYMEMZERO(ms->address, (size_t)(uint32)(ms->size));
 273:Generated_Source\PSoC4/cyfitter_cfg.c **** 		}
 274:Generated_Source\PSoC4/cyfitter_cfg.c **** 
 275:Generated_Source\PSoC4/cyfitter_cfg.c **** 		/* HSIOM Starting address: CYDEV_HSIOM_BASE */
 276:Generated_Source\PSoC4/cyfitter_cfg.c **** 		CY_SET_XTND_REG32((void CYFAR *)(CYREG_HSIOM_PORT_SEL1), 0x00990000u);
  85              		.loc 1 276 0
  86 0022 9923     		mov	r3, #153
 277:Generated_Source\PSoC4/cyfitter_cfg.c **** 		CY_SET_XTND_REG32((void CYFAR *)(CYREG_HSIOM_PORT_SEL5), 0x000000EEu);
  87              		.loc 1 277 0
  88 0024 EE21     		mov	r1, #238
 276:Generated_Source\PSoC4/cyfitter_cfg.c **** 		CY_SET_XTND_REG32((void CYFAR *)(CYREG_HSIOM_PORT_SEL5), 0x000000EEu);
  89              		.loc 1 276 0
  90 0026 3B4A     		ldr	r2, .L2+12
  91 0028 1B04     		lsl	r3, r3, #16
  92 002a 1360     		str	r3, [r2]
  93              		.loc 1 277 0
  94 002c 3A4A     		ldr	r2, .L2+16
 278:Generated_Source\PSoC4/cyfitter_cfg.c **** 
 279:Generated_Source\PSoC4/cyfitter_cfg.c **** 		/* FORCED_HSIOM Starting address: CYDEV_HSIOM_PORT_SEL0 */
 280:Generated_Source\PSoC4/cyfitter_cfg.c **** 		CY_SET_XTND_REG32((void CYFAR *)(CYREG_HSIOM_PORT_SEL0), 0x00000000u);
 281:Generated_Source\PSoC4/cyfitter_cfg.c **** 
 282:Generated_Source\PSoC4/cyfitter_cfg.c **** 		/* IOPINS0_0 Starting address: CYDEV_GPIO_PRT0_PC */
 283:Generated_Source\PSoC4/cyfitter_cfg.c **** 		CY_SET_XTND_REG32((void CYFAR *)(CYREG_GPIO_PRT0_PC), 0x00000000u);
 284:Generated_Source\PSoC4/cyfitter_cfg.c **** 
 285:Generated_Source\PSoC4/cyfitter_cfg.c **** 		/* UDB_PA_1 Starting address: CYDEV_UDB_PA1_BASE */
 286:Generated_Source\PSoC4/cyfitter_cfg.c **** 		CY_SET_XTND_REG32((void CYFAR *)(CYDEV_UDB_PA1_BASE), 0x00990000u);
 287:Generated_Source\PSoC4/cyfitter_cfg.c **** 
 288:Generated_Source\PSoC4/cyfitter_cfg.c **** 		/* UDB_PA_3 Starting address: CYDEV_UDB_PA3_BASE */
 289:Generated_Source\PSoC4/cyfitter_cfg.c **** 		CY_SET_XTND_REG32((void CYFAR *)(CYDEV_UDB_PA3_BASE), 0x00990000u);
 290:Generated_Source\PSoC4/cyfitter_cfg.c **** 
 291:Generated_Source\PSoC4/cyfitter_cfg.c **** 		/* Enable digital routing */
 292:Generated_Source\PSoC4/cyfitter_cfg.c **** 		CY_SET_XTND_REG8((void *)CYREG_UDB_UDBIF_BANK_CTL, CY_GET_XTND_REG8((void *)CYREG_UDB_UDBIF_BANK_
 293:Generated_Source\PSoC4/cyfitter_cfg.c **** 
 294:Generated_Source\PSoC4/cyfitter_cfg.c **** 		/* Enable UDB array */
 295:Generated_Source\PSoC4/cyfitter_cfg.c **** 		CY_SET_XTND_REG8((void *)CYREG_UDB_UDBIF_WAIT_CFG, (uint8)((CY_GET_XTND_REG8((void *)CYREG_UDB_UD
  95              		.loc 1 295 0
  96 002e 3B48     		ldr	r0, .L2+20
 277:Generated_Source\PSoC4/cyfitter_cfg.c **** 
  97              		.loc 1 277 0
  98 0030 1160     		str	r1, [r2]
 280:Generated_Source\PSoC4/cyfitter_cfg.c **** 
ARM GAS  C:\Users\ramanatg\AppData\Local\Temp\ccRBajVP.s 			page 8


  99              		.loc 1 280 0
 100 0032 3B4A     		ldr	r2, .L2+24
 101              	.LBE27:
 296:Generated_Source\PSoC4/cyfitter_cfg.c **** 		CY_SET_XTND_REG8((void *)CYREG_UDB_UDBIF_BANK_CTL, (uint8)(CY_GET_XTND_REG8((void *)CYREG_UDB_UDB
 297:Generated_Source\PSoC4/cyfitter_cfg.c **** 	}
 298:Generated_Source\PSoC4/cyfitter_cfg.c **** 
 299:Generated_Source\PSoC4/cyfitter_cfg.c **** 	/* Perform second pass device configuration. These items must be configured in specific order afte
 300:Generated_Source\PSoC4/cyfitter_cfg.c **** 	/* IOPINS0_1 Starting address: CYDEV_GPIO_PRT1_BASE */
 301:Generated_Source\PSoC4/cyfitter_cfg.c **** 	CY_SET_XTND_REG32((void CYFAR *)(CYDEV_GPIO_PRT1_BASE), 0x00000020u);
 302:Generated_Source\PSoC4/cyfitter_cfg.c **** 	CY_SET_XTND_REG32((void CYFAR *)(CYREG_GPIO_PRT1_PC), 0x00031000u);
 303:Generated_Source\PSoC4/cyfitter_cfg.c **** 	CY_SET_XTND_REG32((void CYFAR *)(CYREG_GPIO_PRT1_PC2), 0x00000020u);
 304:Generated_Source\PSoC4/cyfitter_cfg.c **** 
 305:Generated_Source\PSoC4/cyfitter_cfg.c **** 	/* IOPINS0_3 Starting address: CYDEV_GPIO_PRT3_BASE */
 306:Generated_Source\PSoC4/cyfitter_cfg.c **** 	CY_SET_XTND_REG32((void CYFAR *)(CYREG_GPIO_PRT3_PC), 0x00C08000u);
 307:Generated_Source\PSoC4/cyfitter_cfg.c **** 
 308:Generated_Source\PSoC4/cyfitter_cfg.c **** 	/* IOPINS0_5 Starting address: CYDEV_GPIO_PRT5_BASE */
 309:Generated_Source\PSoC4/cyfitter_cfg.c **** 	CY_SET_XTND_REG32((void CYFAR *)(CYDEV_GPIO_PRT5_BASE), 0x00000003u);
 102              		.loc 1 309 0
 103 0034 0325     		mov	r5, #3
 104              	.LBB28:
 280:Generated_Source\PSoC4/cyfitter_cfg.c **** 
 105              		.loc 1 280 0
 106 0036 1460     		str	r4, [r2]
 283:Generated_Source\PSoC4/cyfitter_cfg.c **** 
 107              		.loc 1 283 0
 108 0038 3A4A     		ldr	r2, .L2+28
 109              	.LBE28:
 110              	.LBB29:
 111              	.LBB30:
 158:Generated_Source\PSoC4/cyfitter_cfg.c **** 	/* Setup and trim IMO based on desired frequency. */
 112              		.loc 1 158 0
 113 003a 3B4F     		ldr	r7, .L2+32
 114              	.LBE30:
 115              	.LBE29:
 116              	.LBB33:
 283:Generated_Source\PSoC4/cyfitter_cfg.c **** 
 117              		.loc 1 283 0
 118 003c 1460     		str	r4, [r2]
 286:Generated_Source\PSoC4/cyfitter_cfg.c **** 
 119              		.loc 1 286 0
 120 003e 3B4A     		ldr	r2, .L2+36
 121              	.LBE33:
 310:Generated_Source\PSoC4/cyfitter_cfg.c **** 	CY_SET_XTND_REG32((void CYFAR *)(CYREG_GPIO_PRT5_PC), 0x00000024u);
 311:Generated_Source\PSoC4/cyfitter_cfg.c **** 
 312:Generated_Source\PSoC4/cyfitter_cfg.c **** 
 313:Generated_Source\PSoC4/cyfitter_cfg.c **** 	/* Setup clocks based on selections from Clock DWR */
 314:Generated_Source\PSoC4/cyfitter_cfg.c **** 	ClockSetup();
 315:Generated_Source\PSoC4/cyfitter_cfg.c **** 
 316:Generated_Source\PSoC4/cyfitter_cfg.c **** 	/* Perform basic analog initialization to defaults */
 317:Generated_Source\PSoC4/cyfitter_cfg.c **** 	AnalogSetDefault();
 318:Generated_Source\PSoC4/cyfitter_cfg.c **** 
 319:Generated_Source\PSoC4/cyfitter_cfg.c **** }
 122              		.loc 1 319 0
 123              		@ sp needed
 124              	.LBB34:
 286:Generated_Source\PSoC4/cyfitter_cfg.c **** 
 125              		.loc 1 286 0
ARM GAS  C:\Users\ramanatg\AppData\Local\Temp\ccRBajVP.s 			page 9


 126 0040 1360     		str	r3, [r2]
 289:Generated_Source\PSoC4/cyfitter_cfg.c **** 
 127              		.loc 1 289 0
 128 0042 3B4A     		ldr	r2, .L2+40
 129 0044 1360     		str	r3, [r2]
 292:Generated_Source\PSoC4/cyfitter_cfg.c **** 
 130              		.loc 1 292 0
 131 0046 0222     		mov	r2, #2
 132 0048 3A4B     		ldr	r3, .L2+44
 133 004a 1978     		ldrb	r1, [r3]
 134 004c 0A43     		orr	r2, r1
 295:Generated_Source\PSoC4/cyfitter_cfg.c **** 		CY_SET_XTND_REG8((void *)CYREG_UDB_UDBIF_BANK_CTL, (uint8)(CY_GET_XTND_REG8((void *)CYREG_UDB_UDB
 135              		.loc 1 295 0
 136 004e 3C21     		mov	r1, #60
 292:Generated_Source\PSoC4/cyfitter_cfg.c **** 
 137              		.loc 1 292 0
 138 0050 1A70     		strb	r2, [r3]
 295:Generated_Source\PSoC4/cyfitter_cfg.c **** 		CY_SET_XTND_REG8((void *)CYREG_UDB_UDBIF_BANK_CTL, (uint8)(CY_GET_XTND_REG8((void *)CYREG_UDB_UDB
 139              		.loc 1 295 0
 140 0052 0278     		ldrb	r2, [r0]
 141 0054 8A43     		bic	r2, r1
 142 0056 2839     		sub	r1, r1, #40
 143 0058 0A43     		orr	r2, r1
 144 005a 0270     		strb	r2, [r0]
 296:Generated_Source\PSoC4/cyfitter_cfg.c **** 	}
 145              		.loc 1 296 0
 146 005c 1622     		mov	r2, #22
 147 005e 1978     		ldrb	r1, [r3]
 148              	.LBE34:
 149              	.LBB35:
 150              	.LBB31:
 160:Generated_Source\PSoC4/cyfitter_cfg.c **** 	/* CYDEV_CLK_ILO_CONFIG Starting address: CYDEV_CLK_ILO_CONFIG */
 151              		.loc 1 160 0
 152 0060 1820     		mov	r0, #24
 153              	.LBE31:
 154              	.LBE35:
 155              	.LBB36:
 296:Generated_Source\PSoC4/cyfitter_cfg.c **** 	}
 156              		.loc 1 296 0
 157 0062 0A43     		orr	r2, r1
 158 0064 1A70     		strb	r2, [r3]
 159              	.LBE36:
 301:Generated_Source\PSoC4/cyfitter_cfg.c **** 	CY_SET_XTND_REG32((void CYFAR *)(CYREG_GPIO_PRT1_PC), 0x00031000u);
 160              		.loc 1 301 0
 161 0066 2023     		mov	r3, #32
 302:Generated_Source\PSoC4/cyfitter_cfg.c **** 	CY_SET_XTND_REG32((void CYFAR *)(CYREG_GPIO_PRT1_PC2), 0x00000020u);
 162              		.loc 1 302 0
 163 0068 C421     		mov	r1, #196
 301:Generated_Source\PSoC4/cyfitter_cfg.c **** 	CY_SET_XTND_REG32((void CYFAR *)(CYREG_GPIO_PRT1_PC), 0x00031000u);
 164              		.loc 1 301 0
 165 006a 334A     		ldr	r2, .L2+48
 302:Generated_Source\PSoC4/cyfitter_cfg.c **** 	CY_SET_XTND_REG32((void CYFAR *)(CYREG_GPIO_PRT1_PC2), 0x00000020u);
 166              		.loc 1 302 0
 167 006c 8902     		lsl	r1, r1, #10
 301:Generated_Source\PSoC4/cyfitter_cfg.c **** 	CY_SET_XTND_REG32((void CYFAR *)(CYREG_GPIO_PRT1_PC), 0x00031000u);
 168              		.loc 1 301 0
 169 006e 1360     		str	r3, [r2]
ARM GAS  C:\Users\ramanatg\AppData\Local\Temp\ccRBajVP.s 			page 10


 302:Generated_Source\PSoC4/cyfitter_cfg.c **** 	CY_SET_XTND_REG32((void CYFAR *)(CYREG_GPIO_PRT1_PC2), 0x00000020u);
 170              		.loc 1 302 0
 171 0070 324A     		ldr	r2, .L2+52
 172 0072 1160     		str	r1, [r2]
 303:Generated_Source\PSoC4/cyfitter_cfg.c **** 
 173              		.loc 1 303 0
 174 0074 324A     		ldr	r2, .L2+56
 175 0076 1360     		str	r3, [r2]
 306:Generated_Source\PSoC4/cyfitter_cfg.c **** 
 176              		.loc 1 306 0
 177 0078 324A     		ldr	r2, .L2+60
 178 007a 334B     		ldr	r3, .L2+64
 179 007c 1A60     		str	r2, [r3]
 310:Generated_Source\PSoC4/cyfitter_cfg.c **** 
 180              		.loc 1 310 0
 181 007e 2422     		mov	r2, #36
 309:Generated_Source\PSoC4/cyfitter_cfg.c **** 	CY_SET_XTND_REG32((void CYFAR *)(CYREG_GPIO_PRT5_PC), 0x00000024u);
 182              		.loc 1 309 0
 183 0080 324B     		ldr	r3, .L2+68
 184 0082 1D60     		str	r5, [r3]
 310:Generated_Source\PSoC4/cyfitter_cfg.c **** 
 185              		.loc 1 310 0
 186 0084 324B     		ldr	r3, .L2+72
 187 0086 1A60     		str	r2, [r3]
 188              	.LBB37:
 189              	.LBB32:
 158:Generated_Source\PSoC4/cyfitter_cfg.c **** 	/* Setup and trim IMO based on desired frequency. */
 190              		.loc 1 158 0
 191 0088 1223     		mov	r3, #18
 192 008a 3B60     		str	r3, [r7]
 160:Generated_Source\PSoC4/cyfitter_cfg.c **** 	/* CYDEV_CLK_ILO_CONFIG Starting address: CYDEV_CLK_ILO_CONFIG */
 193              		.loc 1 160 0
 194 008c FFF7FEFF 		bl	CySysClkWriteImoFreq
 195              	.LVL3:
 162:Generated_Source\PSoC4/cyfitter_cfg.c **** 
 196              		.loc 1 162 0
 197 0090 304A     		ldr	r2, .L2+76
 198 0092 314B     		ldr	r3, .L2+80
 173:Generated_Source\PSoC4/cyfitter_cfg.c **** 	CyDelayUs(1500u); /* Wait to stabalize */
 199              		.loc 1 173 0
 200 0094 FA20     		mov	r0, #250
 162:Generated_Source\PSoC4/cyfitter_cfg.c **** 
 201              		.loc 1 162 0
 202 0096 1A60     		str	r2, [r3]
 166:Generated_Source\PSoC4/cyfitter_cfg.c **** 	CY_SET_XTND_REG32((void CYFAR *)(CYREG_BLE_BLERD_BB_XO_CAPTRIM), 0x00002D6Au);
 203              		.loc 1 166 0
 204 0098 0223     		mov	r3, #2
 205 009a 304A     		ldr	r2, .L2+84
 173:Generated_Source\PSoC4/cyfitter_cfg.c **** 	CyDelayUs(1500u); /* Wait to stabalize */
 206              		.loc 1 173 0
 207 009c C000     		lsl	r0, r0, #3
 166:Generated_Source\PSoC4/cyfitter_cfg.c **** 	CY_SET_XTND_REG32((void CYFAR *)(CYREG_BLE_BLERD_BB_XO_CAPTRIM), 0x00002D6Au);
 208              		.loc 1 166 0
 209 009e 1168     		ldr	r1, [r2]
 210 00a0 0B43     		orr	r3, r1
 211 00a2 1360     		str	r3, [r2]
 167:Generated_Source\PSoC4/cyfitter_cfg.c **** 	/*Set XTAL(ECO) divider*/
ARM GAS  C:\Users\ramanatg\AppData\Local\Temp\ccRBajVP.s 			page 11


 212              		.loc 1 167 0
 213 00a4 2E4A     		ldr	r2, .L2+88
 214 00a6 2F4B     		ldr	r3, .L2+92
 215 00a8 1A60     		str	r2, [r3]
 171:Generated_Source\PSoC4/cyfitter_cfg.c **** 	/* Start the ECO and do not check status since it is not needed for HFCLK */
 216              		.loc 1 171 0
 217 00aa 0822     		mov	r2, #8
 169:Generated_Source\PSoC4/cyfitter_cfg.c **** 	/* Disable Crystal Stable Interrupt before enabling ECO */
 218              		.loc 1 169 0
 219 00ac 2E4B     		ldr	r3, .L2+96
 220 00ae 1C60     		str	r4, [r3]
 171:Generated_Source\PSoC4/cyfitter_cfg.c **** 	/* Start the ECO and do not check status since it is not needed for HFCLK */
 221              		.loc 1 171 0
 222 00b0 3368     		ldr	r3, [r6]
 223 00b2 9343     		bic	r3, r2
 224 00b4 3360     		str	r3, [r6]
 173:Generated_Source\PSoC4/cyfitter_cfg.c **** 	CyDelayUs(1500u); /* Wait to stabalize */
 225              		.loc 1 173 0
 226 00b6 FFF7FEFF 		bl	CySysClkEcoStart
 227              	.LVL4:
 174:Generated_Source\PSoC4/cyfitter_cfg.c **** 
 228              		.loc 1 174 0
 229 00ba 2C48     		ldr	r0, .L2+100
 230 00bc FFF7FEFF 		bl	CyDelayUs
 231              	.LVL5:
 177:Generated_Source\PSoC4/cyfitter_cfg.c **** 	CY_SET_REG32((void *)CYREG_PERI_DIV_CMD, 0x8000FF40u);
 232              		.loc 1 177 0
 233 00c0 8022     		mov	r2, #128
 179:Generated_Source\PSoC4/cyfitter_cfg.c **** 	CY_SET_REG32((void *)CYREG_PERI_DIV_CMD, 0x8000FF41u);
 234              		.loc 1 179 0
 235 00c2 8021     		mov	r1, #128
 177:Generated_Source\PSoC4/cyfitter_cfg.c **** 	CY_SET_REG32((void *)CYREG_PERI_DIV_CMD, 0x8000FF40u);
 236              		.loc 1 177 0
 237 00c4 2A4B     		ldr	r3, .L2+104
 238 00c6 9200     		lsl	r2, r2, #2
 239 00c8 1A60     		str	r2, [r3]
 178:Generated_Source\PSoC4/cyfitter_cfg.c **** 	CY_SET_REG32((void *)CYREG_PERI_DIV_16_CTL1, 0x00001000u);
 240              		.loc 1 178 0
 241 00ca 2A4B     		ldr	r3, .L2+108
 242 00cc 2A4A     		ldr	r2, .L2+112
 179:Generated_Source\PSoC4/cyfitter_cfg.c **** 	CY_SET_REG32((void *)CYREG_PERI_DIV_CMD, 0x8000FF41u);
 243              		.loc 1 179 0
 244 00ce 4901     		lsl	r1, r1, #5
 178:Generated_Source\PSoC4/cyfitter_cfg.c **** 	CY_SET_REG32((void *)CYREG_PERI_DIV_16_CTL1, 0x00001000u);
 245              		.loc 1 178 0
 246 00d0 1A60     		str	r2, [r3]
 179:Generated_Source\PSoC4/cyfitter_cfg.c **** 	CY_SET_REG32((void *)CYREG_PERI_DIV_CMD, 0x8000FF41u);
 247              		.loc 1 179 0
 248 00d2 2A4A     		ldr	r2, .L2+116
 249 00d4 1160     		str	r1, [r2]
 180:Generated_Source\PSoC4/cyfitter_cfg.c **** 
 250              		.loc 1 180 0
 251 00d6 2A4A     		ldr	r2, .L2+120
 252 00d8 1A60     		str	r2, [r3]
 183:Generated_Source\PSoC4/cyfitter_cfg.c **** 
 253              		.loc 1 183 0
 254 00da 8022     		mov	r2, #128
ARM GAS  C:\Users\ramanatg\AppData\Local\Temp\ccRBajVP.s 			page 12


 255 00dc 294B     		ldr	r3, .L2+124
 256 00de 1206     		lsl	r2, r2, #24
 257 00e0 1A60     		str	r2, [r3]
 189:Generated_Source\PSoC4/cyfitter_cfg.c **** 
 258              		.loc 1 189 0
 259 00e2 4022     		mov	r2, #64
 186:Generated_Source\PSoC4/cyfitter_cfg.c **** 
 260              		.loc 1 186 0
 261 00e4 284B     		ldr	r3, .L2+128
 262 00e6 1C60     		str	r4, [r3]
 189:Generated_Source\PSoC4/cyfitter_cfg.c **** 
 263              		.loc 1 189 0
 264 00e8 284B     		ldr	r3, .L2+132
 265 00ea 1A60     		str	r2, [r3]
 192:Generated_Source\PSoC4/cyfitter_cfg.c **** 
 266              		.loc 1 192 0
 267 00ec 284B     		ldr	r3, .L2+136
 268 00ee 0132     		add	r2, r2, #1
 269 00f0 1A60     		str	r2, [r3]
 194:Generated_Source\PSoC4/cyfitter_cfg.c **** 	/* Set Flash Cycles based on newly configured 24.00MHz HFCLK. */
 270              		.loc 1 194 0
 271 00f2 284B     		ldr	r3, .L2+140
 272 00f4 1C60     		str	r4, [r3]
 196:Generated_Source\PSoC4/cyfitter_cfg.c **** }
 273              		.loc 1 196 0
 274 00f6 1123     		mov	r3, #17
 275 00f8 3B60     		str	r3, [r7]
 276              	.LBE32:
 277              	.LBE37:
 278              	.LBB38:
 279              	.LBB39:
 221:Generated_Source\PSoC4/cyfitter_cfg.c **** 	CY_SET_XTND_REG32((void CYFAR *)CYREG_CTBM1_DFT_CTRL, 0x00000003u);
 280              		.loc 1 221 0
 281 00fa 274B     		ldr	r3, .L2+144
 282 00fc 1D60     		str	r5, [r3]
 222:Generated_Source\PSoC4/cyfitter_cfg.c **** 	CY_SET_XTND_REG32((void CYFAR *)CYREG_PASS_DSAB_DSAB_CTRL, 0x00000000u);
 283              		.loc 1 222 0
 284 00fe 274B     		ldr	r3, .L2+148
 285 0100 1D60     		str	r5, [r3]
 223:Generated_Source\PSoC4/cyfitter_cfg.c **** }
 286              		.loc 1 223 0
 287 0102 274B     		ldr	r3, .L2+152
 288 0104 1C60     		str	r4, [r3]
 289              	.LBE39:
 290              	.LBE38:
 291              		.loc 1 319 0
 292 0106 F8BD     		pop	{r3, r4, r5, r6, r7, pc}
 293              	.L3:
 294              		.align	2
 295              	.L2:
 296 0108 6CF02E40 		.word	1076818028
 297 010c 00300F40 		.word	1074737152
 298 0110 00400F40 		.word	1074741248
 299 0114 00010240 		.word	1073873152
 300 0118 00050240 		.word	1073874176
 301 011c 01700F40 		.word	1074753537
 302 0120 00000240 		.word	1073872896
ARM GAS  C:\Users\ramanatg\AppData\Local\Temp\ccRBajVP.s 			page 13


 303 0124 08000440 		.word	1074003976
 304 0128 30001040 		.word	1074790448
 305 012c 10500F40 		.word	1074745360
 306 0130 30500F40 		.word	1074745392
 307 0134 00700F40 		.word	1074753536
 308 0138 00010440 		.word	1074004224
 309 013c 08010440 		.word	1074004232
 310 0140 18010440 		.word	1074004248
 311 0144 0080C000 		.word	12615680
 312 0148 08030440 		.word	1074004744
 313 014c 00050440 		.word	1074005248
 314 0150 08050440 		.word	1074005256
 315 0154 06000080 		.word	-2147483642
 316 0158 04010B40 		.word	1074462980
 317 015c 78002E40 		.word	1076756600
 318 0160 6A2D0000 		.word	11626
 319 0164 7C002E40 		.word	1076756604
 320 0168 64F02E40 		.word	1076818020
 321 016c DC050000 		.word	1500
 322 0170 00030140 		.word	1073808128
 323 0174 00000140 		.word	1073807360
 324 0178 40FF0080 		.word	-2147418304
 325 017c 04030140 		.word	1073808132
 326 0180 41FF0080 		.word	-2147418303
 327 0184 08010B40 		.word	1074462984
 328 0188 00010B40 		.word	1074462976
 329 018c 08010140 		.word	1073807624
 330 0190 04010140 		.word	1073807620
 331 0194 0C020B40 		.word	1074463244
 332 0198 30003040 		.word	1076887600
 333 019c 30003140 		.word	1076953136
 334 01a0 000E3F40 		.word	1077874176
 335              		.cfi_endproc
 336              	.LFE7:
 337              		.size	cyfitter_cfg, .-cyfitter_cfg
 338              		.text
 339              	.Letext0:
 340              		.file 2 "c:\\program files (x86)\\cypress\\psoc creator\\4.0\\psoc creator\\import\\gnu\\arm\\4.9.
 341              		.file 3 "Generated_Source\\PSoC4\\cytypes.h"
 342              		.file 4 "Generated_Source\\PSoC4\\CyLib.h"
 343              		.section	.debug_info,"",%progbits
 344              	.Ldebug_info0:
 345 0000 CE020000 		.4byte	0x2ce
 346 0004 0400     		.2byte	0x4
 347 0006 00000000 		.4byte	.Ldebug_abbrev0
 348 000a 04       		.byte	0x4
 349 000b 01       		.uleb128 0x1
 350 000c 46010000 		.4byte	.LASF28
 351 0010 01       		.byte	0x1
 352 0011 78020000 		.4byte	.LASF29
 353 0015 39000000 		.4byte	.LASF30
 354 0019 80000000 		.4byte	.Ldebug_ranges0+0x80
 355 001d 00000000 		.4byte	0
 356 0021 00000000 		.4byte	.Ldebug_line0
 357 0025 02       		.uleb128 0x2
 358 0026 04       		.byte	0x4
 359 0027 05       		.byte	0x5
ARM GAS  C:\Users\ramanatg\AppData\Local\Temp\ccRBajVP.s 			page 14


 360 0028 696E7400 		.ascii	"int\000"
 361 002c 03       		.uleb128 0x3
 362 002d 06000000 		.4byte	.LASF11
 363 0031 02       		.byte	0x2
 364 0032 D4       		.byte	0xd4
 365 0033 37000000 		.4byte	0x37
 366 0037 04       		.uleb128 0x4
 367 0038 04       		.byte	0x4
 368 0039 07       		.byte	0x7
 369 003a D4010000 		.4byte	.LASF0
 370 003e 04       		.uleb128 0x4
 371 003f 01       		.byte	0x1
 372 0040 06       		.byte	0x6
 373 0041 6C020000 		.4byte	.LASF1
 374 0045 04       		.uleb128 0x4
 375 0046 01       		.byte	0x1
 376 0047 08       		.byte	0x8
 377 0048 06010000 		.4byte	.LASF2
 378 004c 04       		.uleb128 0x4
 379 004d 02       		.byte	0x2
 380 004e 05       		.byte	0x5
 381 004f 44020000 		.4byte	.LASF3
 382 0053 04       		.uleb128 0x4
 383 0054 02       		.byte	0x2
 384 0055 07       		.byte	0x7
 385 0056 C1000000 		.4byte	.LASF4
 386 005a 04       		.uleb128 0x4
 387 005b 04       		.byte	0x4
 388 005c 05       		.byte	0x5
 389 005d 63020000 		.4byte	.LASF5
 390 0061 04       		.uleb128 0x4
 391 0062 04       		.byte	0x4
 392 0063 07       		.byte	0x7
 393 0064 E4000000 		.4byte	.LASF6
 394 0068 04       		.uleb128 0x4
 395 0069 08       		.byte	0x8
 396 006a 05       		.byte	0x5
 397 006b 16020000 		.4byte	.LASF7
 398 006f 04       		.uleb128 0x4
 399 0070 08       		.byte	0x8
 400 0071 07       		.byte	0x7
 401 0072 E9010000 		.4byte	.LASF8
 402 0076 04       		.uleb128 0x4
 403 0077 04       		.byte	0x4
 404 0078 07       		.byte	0x7
 405 0079 0D020000 		.4byte	.LASF9
 406 007d 05       		.uleb128 0x5
 407 007e 04       		.byte	0x4
 408 007f 04       		.uleb128 0x4
 409 0080 01       		.byte	0x1
 410 0081 08       		.byte	0x8
 411 0082 2E020000 		.4byte	.LASF10
 412 0086 06       		.uleb128 0x6
 413 0087 F6000000 		.4byte	.LASF12
 414 008b 03       		.byte	0x3
 415 008c B901     		.2byte	0x1b9
 416 008e 45000000 		.4byte	0x45
ARM GAS  C:\Users\ramanatg\AppData\Local\Temp\ccRBajVP.s 			page 15


 417 0092 06       		.uleb128 0x6
 418 0093 2F010000 		.4byte	.LASF13
 419 0097 03       		.byte	0x3
 420 0098 BA01     		.2byte	0x1ba
 421 009a 53000000 		.4byte	0x53
 422 009e 06       		.uleb128 0x6
 423 009f 3F010000 		.4byte	.LASF14
 424 00a3 03       		.byte	0x3
 425 00a4 BB01     		.2byte	0x1bb
 426 00a6 61000000 		.4byte	0x61
 427 00aa 04       		.uleb128 0x4
 428 00ab 04       		.byte	0x4
 429 00ac 04       		.byte	0x4
 430 00ad D4000000 		.4byte	.LASF15
 431 00b1 04       		.uleb128 0x4
 432 00b2 08       		.byte	0x8
 433 00b3 04       		.byte	0x4
 434 00b4 1B010000 		.4byte	.LASF16
 435 00b8 06       		.uleb128 0x6
 436 00b9 36010000 		.4byte	.LASF17
 437 00bd 03       		.byte	0x3
 438 00be 5B02     		.2byte	0x25b
 439 00c0 61000000 		.4byte	0x61
 440 00c4 06       		.uleb128 0x6
 441 00c5 DF000000 		.4byte	.LASF18
 442 00c9 03       		.byte	0x3
 443 00ca 6302     		.2byte	0x263
 444 00cc D0000000 		.4byte	0xd0
 445 00d0 07       		.uleb128 0x7
 446 00d1 86000000 		.4byte	0x86
 447 00d5 06       		.uleb128 0x6
 448 00d6 00000000 		.4byte	.LASF19
 449 00da 03       		.byte	0x3
 450 00db 6502     		.2byte	0x265
 451 00dd E1000000 		.4byte	0xe1
 452 00e1 07       		.uleb128 0x7
 453 00e2 9E000000 		.4byte	0x9e
 454 00e6 08       		.uleb128 0x8
 455 00e7 FC000000 		.4byte	.LASF31
 456 00eb 01       		.byte	0x1
 457 00ec 3C       		.byte	0x3c
 458 00ed 01       		.byte	0x1
 459 00ee 05010000 		.4byte	0x105
 460 00f2 09       		.uleb128 0x9
 461 00f3 7300     		.ascii	"s\000"
 462 00f5 01       		.byte	0x1
 463 00f6 3C       		.byte	0x3c
 464 00f7 7D000000 		.4byte	0x7d
 465 00fb 09       		.uleb128 0x9
 466 00fc 6E00     		.ascii	"n\000"
 467 00fe 01       		.byte	0x1
 468 00ff 3C       		.byte	0x3c
 469 0100 2C000000 		.4byte	0x2c
 470 0104 00       		.byte	0
 471 0105 0A       		.uleb128 0xa
 472 0106 0D000000 		.4byte	.LASF20
 473 010a 01       		.byte	0x1
ARM GAS  C:\Users\ramanatg\AppData\Local\Temp\ccRBajVP.s 			page 16


 474 010b DB       		.byte	0xdb
 475 010c 01       		.byte	0x1
 476 010d 0A       		.uleb128 0xa
 477 010e 2E000000 		.4byte	.LASF21
 478 0112 01       		.byte	0x1
 479 0113 9A       		.byte	0x9a
 480 0114 01       		.byte	0x1
 481 0115 0B       		.uleb128 0xb
 482 0116 22010000 		.4byte	.LASF32
 483 011a 01       		.byte	0x1
 484 011b F6       		.byte	0xf6
 485 011c 00000000 		.4byte	.LFB7
 486 0120 A4010000 		.4byte	.LFE7-.LFB7
 487 0124 01       		.uleb128 0x1
 488 0125 9C       		.byte	0x9c
 489 0126 81020000 		.4byte	0x281
 490 012a 0C       		.uleb128 0xc
 491 012b 00000000 		.4byte	.Ldebug_ranges0+0
 492 012f 22020000 		.4byte	0x222
 493 0133 0D       		.uleb128 0xd
 494 0134 06       		.byte	0x6
 495 0135 01       		.byte	0x1
 496 0136 FF       		.byte	0xff
 497 0137 56010000 		.4byte	0x156
 498 013b 0E       		.uleb128 0xe
 499 013c E1010000 		.4byte	.LASF22
 500 0140 01       		.byte	0x1
 501 0141 0001     		.2byte	0x100
 502 0143 7D000000 		.4byte	0x7d
 503 0147 00       		.byte	0
 504 0148 0E       		.uleb128 0xe
 505 0149 DA000000 		.4byte	.LASF23
 506 014d 01       		.byte	0x1
 507 014e 0101     		.2byte	0x101
 508 0150 92000000 		.4byte	0x92
 509 0154 04       		.byte	0x4
 510 0155 00       		.byte	0
 511 0156 06       		.uleb128 0x6
 512 0157 00020000 		.4byte	.LASF24
 513 015b 01       		.byte	0x1
 514 015c 0201     		.2byte	0x102
 515 015e 33010000 		.4byte	0x133
 516 0162 0F       		.uleb128 0xf
 517 0163 56010000 		.4byte	0x156
 518 0167 72010000 		.4byte	0x172
 519 016b 10       		.uleb128 0x10
 520 016c 76000000 		.4byte	0x76
 521 0170 01       		.byte	0x1
 522 0171 00       		.byte	0
 523 0172 11       		.uleb128 0x11
 524 0173 1E000000 		.4byte	.LASF25
 525 0177 01       		.byte	0x1
 526 0178 0401     		.2byte	0x104
 527 017a 8B010000 		.4byte	0x18b
 528 017e 0C       		.byte	0xc
 529 017f 00       		.byte	0
 530 0180 30       		.byte	0x30
ARM GAS  C:\Users\ramanatg\AppData\Local\Temp\ccRBajVP.s 			page 17


 531 0181 0F       		.byte	0xf
 532 0182 40       		.byte	0x40
 533 0183 00       		.byte	0
 534 0184 04       		.byte	0x4
 535 0185 00       		.byte	0
 536 0186 40       		.byte	0x40
 537 0187 0F       		.byte	0xf
 538 0188 40       		.byte	0x40
 539 0189 00       		.byte	0
 540 018a 04       		.byte	0x4
 541 018b 12       		.uleb128 0x12
 542 018c 62010000 		.4byte	0x162
 543 0190 13       		.uleb128 0x13
 544 0191 6900     		.ascii	"i\000"
 545 0193 01       		.byte	0x1
 546 0194 0A01     		.2byte	0x10a
 547 0196 86000000 		.4byte	0x86
 548 019a 00000000 		.4byte	.LLST0
 549 019e 14       		.uleb128 0x14
 550 019f 40000000 		.4byte	.Ldebug_ranges0+0x40
 551 01a3 13       		.uleb128 0x13
 552 01a4 6D7300   		.ascii	"ms\000"
 553 01a7 01       		.byte	0x1
 554 01a8 0F01     		.2byte	0x10f
 555 01aa B2010000 		.4byte	0x1b2
 556 01ae 2C000000 		.4byte	.LLST1
 557 01b2 15       		.uleb128 0x15
 558 01b3 04       		.byte	0x4
 559 01b4 B8010000 		.4byte	0x1b8
 560 01b8 12       		.uleb128 0x12
 561 01b9 56010000 		.4byte	0x156
 562 01bd 16       		.uleb128 0x16
 563 01be E6000000 		.4byte	0xe6
 564 01c2 04000000 		.4byte	.LBB18
 565 01c6 40000000 		.4byte	.Ldebug_ranges0+0x40
 566 01ca 01       		.byte	0x1
 567 01cb 1001     		.2byte	0x110
 568 01cd 17       		.uleb128 0x17
 569 01ce FB000000 		.4byte	0xfb
 570 01d2 0004     		.2byte	0x400
 571 01d4 18       		.uleb128 0x18
 572 01d5 F2000000 		.4byte	0xf2
 573 01d9 54000000 		.4byte	.LLST2
 574 01dd 19       		.uleb128 0x19
 575 01de 18000000 		.4byte	.LVL1
 576 01e2 81020000 		.4byte	0x281
 577 01e6 00020000 		.4byte	0x200
 578 01ea 1A       		.uleb128 0x1a
 579 01eb 01       		.uleb128 0x1
 580 01ec 52       		.byte	0x52
 581 01ed 02       		.uleb128 0x2
 582 01ee 75       		.byte	0x75
 583 01ef 00       		.sleb128 0
 584 01f0 1A       		.uleb128 0x1a
 585 01f1 01       		.uleb128 0x1
 586 01f2 51       		.byte	0x51
 587 01f3 02       		.uleb128 0x2
ARM GAS  C:\Users\ramanatg\AppData\Local\Temp\ccRBajVP.s 			page 18


 588 01f4 74       		.byte	0x74
 589 01f5 00       		.sleb128 0
 590 01f6 1A       		.uleb128 0x1a
 591 01f7 01       		.uleb128 0x1
 592 01f8 50       		.byte	0x50
 593 01f9 05       		.uleb128 0x5
 594 01fa 0C       		.byte	0xc
 595 01fb 00300F40 		.4byte	0x400f3000
 596 01ff 00       		.byte	0
 597 0200 1B       		.uleb128 0x1b
 598 0201 22000000 		.4byte	.LVL2
 599 0205 81020000 		.4byte	0x281
 600 0209 1A       		.uleb128 0x1a
 601 020a 01       		.uleb128 0x1
 602 020b 52       		.byte	0x52
 603 020c 02       		.uleb128 0x2
 604 020d 75       		.byte	0x75
 605 020e 00       		.sleb128 0
 606 020f 1A       		.uleb128 0x1a
 607 0210 01       		.uleb128 0x1
 608 0211 51       		.byte	0x51
 609 0212 02       		.uleb128 0x2
 610 0213 74       		.byte	0x74
 611 0214 00       		.sleb128 0
 612 0215 1A       		.uleb128 0x1a
 613 0216 01       		.uleb128 0x1
 614 0217 50       		.byte	0x50
 615 0218 05       		.uleb128 0x5
 616 0219 0C       		.byte	0xc
 617 021a 00400F40 		.4byte	0x400f4000
 618 021e 00       		.byte	0
 619 021f 00       		.byte	0
 620 0220 00       		.byte	0
 621 0221 00       		.byte	0
 622 0222 1C       		.uleb128 0x1c
 623 0223 0D010000 		.4byte	0x10d
 624 0227 3A000000 		.4byte	.LBB29
 625 022b 60000000 		.4byte	.Ldebug_ranges0+0x60
 626 022f 01       		.byte	0x1
 627 0230 3A01     		.2byte	0x13a
 628 0232 70020000 		.4byte	0x270
 629 0236 19       		.uleb128 0x19
 630 0237 90000000 		.4byte	.LVL3
 631 023b 9E020000 		.4byte	0x29e
 632 023f 49020000 		.4byte	0x249
 633 0243 1A       		.uleb128 0x1a
 634 0244 01       		.uleb128 0x1
 635 0245 50       		.byte	0x50
 636 0246 01       		.uleb128 0x1
 637 0247 48       		.byte	0x48
 638 0248 00       		.byte	0
 639 0249 19       		.uleb128 0x19
 640 024a BA000000 		.4byte	.LVL4
 641 024e AF020000 		.4byte	0x2af
 642 0252 5E020000 		.4byte	0x25e
 643 0256 1A       		.uleb128 0x1a
 644 0257 01       		.uleb128 0x1
ARM GAS  C:\Users\ramanatg\AppData\Local\Temp\ccRBajVP.s 			page 19


 645 0258 50       		.byte	0x50
 646 0259 03       		.uleb128 0x3
 647 025a 0A       		.byte	0xa
 648 025b D007     		.2byte	0x7d0
 649 025d 00       		.byte	0
 650 025e 1B       		.uleb128 0x1b
 651 025f C0000000 		.4byte	.LVL5
 652 0263 C4020000 		.4byte	0x2c4
 653 0267 1A       		.uleb128 0x1a
 654 0268 01       		.uleb128 0x1
 655 0269 50       		.byte	0x50
 656 026a 03       		.uleb128 0x3
 657 026b 0A       		.byte	0xa
 658 026c DC05     		.2byte	0x5dc
 659 026e 00       		.byte	0
 660 026f 00       		.byte	0
 661 0270 1D       		.uleb128 0x1d
 662 0271 05010000 		.4byte	0x105
 663 0275 FA000000 		.4byte	.LBB38
 664 0279 0C000000 		.4byte	.LBE38-.LBB38
 665 027d 01       		.byte	0x1
 666 027e 3D01     		.2byte	0x13d
 667 0280 00       		.byte	0
 668 0281 1E       		.uleb128 0x1e
 669 0282 14010000 		.4byte	.LASF26
 670 0286 7D000000 		.4byte	0x7d
 671 028a 9E020000 		.4byte	0x29e
 672 028e 1F       		.uleb128 0x1f
 673 028f 7D000000 		.4byte	0x7d
 674 0293 1F       		.uleb128 0x1f
 675 0294 25000000 		.4byte	0x25
 676 0298 1F       		.uleb128 0x1f
 677 0299 76000000 		.4byte	0x76
 678 029d 00       		.byte	0
 679 029e 20       		.uleb128 0x20
 680 029f 4E020000 		.4byte	.LASF27
 681 02a3 04       		.byte	0x4
 682 02a4 6C       		.byte	0x6c
 683 02a5 AF020000 		.4byte	0x2af
 684 02a9 1F       		.uleb128 0x1f
 685 02aa 9E000000 		.4byte	0x9e
 686 02ae 00       		.byte	0
 687 02af 21       		.uleb128 0x21
 688 02b0 33020000 		.4byte	.LASF33
 689 02b4 04       		.byte	0x4
 690 02b5 84       		.byte	0x84
 691 02b6 B8000000 		.4byte	0xb8
 692 02ba C4020000 		.4byte	0x2c4
 693 02be 1F       		.uleb128 0x1f
 694 02bf 9E000000 		.4byte	0x9e
 695 02c3 00       		.byte	0
 696 02c4 22       		.uleb128 0x22
 697 02c5 24020000 		.4byte	.LASF34
 698 02c9 04       		.byte	0x4
 699 02ca DA       		.byte	0xda
 700 02cb 1F       		.uleb128 0x1f
 701 02cc 92000000 		.4byte	0x92
ARM GAS  C:\Users\ramanatg\AppData\Local\Temp\ccRBajVP.s 			page 20


 702 02d0 00       		.byte	0
 703 02d1 00       		.byte	0
 704              		.section	.debug_abbrev,"",%progbits
 705              	.Ldebug_abbrev0:
 706 0000 01       		.uleb128 0x1
 707 0001 11       		.uleb128 0x11
 708 0002 01       		.byte	0x1
 709 0003 25       		.uleb128 0x25
 710 0004 0E       		.uleb128 0xe
 711 0005 13       		.uleb128 0x13
 712 0006 0B       		.uleb128 0xb
 713 0007 03       		.uleb128 0x3
 714 0008 0E       		.uleb128 0xe
 715 0009 1B       		.uleb128 0x1b
 716 000a 0E       		.uleb128 0xe
 717 000b 55       		.uleb128 0x55
 718 000c 17       		.uleb128 0x17
 719 000d 11       		.uleb128 0x11
 720 000e 01       		.uleb128 0x1
 721 000f 10       		.uleb128 0x10
 722 0010 17       		.uleb128 0x17
 723 0011 00       		.byte	0
 724 0012 00       		.byte	0
 725 0013 02       		.uleb128 0x2
 726 0014 24       		.uleb128 0x24
 727 0015 00       		.byte	0
 728 0016 0B       		.uleb128 0xb
 729 0017 0B       		.uleb128 0xb
 730 0018 3E       		.uleb128 0x3e
 731 0019 0B       		.uleb128 0xb
 732 001a 03       		.uleb128 0x3
 733 001b 08       		.uleb128 0x8
 734 001c 00       		.byte	0
 735 001d 00       		.byte	0
 736 001e 03       		.uleb128 0x3
 737 001f 16       		.uleb128 0x16
 738 0020 00       		.byte	0
 739 0021 03       		.uleb128 0x3
 740 0022 0E       		.uleb128 0xe
 741 0023 3A       		.uleb128 0x3a
 742 0024 0B       		.uleb128 0xb
 743 0025 3B       		.uleb128 0x3b
 744 0026 0B       		.uleb128 0xb
 745 0027 49       		.uleb128 0x49
 746 0028 13       		.uleb128 0x13
 747 0029 00       		.byte	0
 748 002a 00       		.byte	0
 749 002b 04       		.uleb128 0x4
 750 002c 24       		.uleb128 0x24
 751 002d 00       		.byte	0
 752 002e 0B       		.uleb128 0xb
 753 002f 0B       		.uleb128 0xb
 754 0030 3E       		.uleb128 0x3e
 755 0031 0B       		.uleb128 0xb
 756 0032 03       		.uleb128 0x3
 757 0033 0E       		.uleb128 0xe
 758 0034 00       		.byte	0
ARM GAS  C:\Users\ramanatg\AppData\Local\Temp\ccRBajVP.s 			page 21


 759 0035 00       		.byte	0
 760 0036 05       		.uleb128 0x5
 761 0037 0F       		.uleb128 0xf
 762 0038 00       		.byte	0
 763 0039 0B       		.uleb128 0xb
 764 003a 0B       		.uleb128 0xb
 765 003b 00       		.byte	0
 766 003c 00       		.byte	0
 767 003d 06       		.uleb128 0x6
 768 003e 16       		.uleb128 0x16
 769 003f 00       		.byte	0
 770 0040 03       		.uleb128 0x3
 771 0041 0E       		.uleb128 0xe
 772 0042 3A       		.uleb128 0x3a
 773 0043 0B       		.uleb128 0xb
 774 0044 3B       		.uleb128 0x3b
 775 0045 05       		.uleb128 0x5
 776 0046 49       		.uleb128 0x49
 777 0047 13       		.uleb128 0x13
 778 0048 00       		.byte	0
 779 0049 00       		.byte	0
 780 004a 07       		.uleb128 0x7
 781 004b 35       		.uleb128 0x35
 782 004c 00       		.byte	0
 783 004d 49       		.uleb128 0x49
 784 004e 13       		.uleb128 0x13
 785 004f 00       		.byte	0
 786 0050 00       		.byte	0
 787 0051 08       		.uleb128 0x8
 788 0052 2E       		.uleb128 0x2e
 789 0053 01       		.byte	0x1
 790 0054 03       		.uleb128 0x3
 791 0055 0E       		.uleb128 0xe
 792 0056 3A       		.uleb128 0x3a
 793 0057 0B       		.uleb128 0xb
 794 0058 3B       		.uleb128 0x3b
 795 0059 0B       		.uleb128 0xb
 796 005a 27       		.uleb128 0x27
 797 005b 19       		.uleb128 0x19
 798 005c 20       		.uleb128 0x20
 799 005d 0B       		.uleb128 0xb
 800 005e 01       		.uleb128 0x1
 801 005f 13       		.uleb128 0x13
 802 0060 00       		.byte	0
 803 0061 00       		.byte	0
 804 0062 09       		.uleb128 0x9
 805 0063 05       		.uleb128 0x5
 806 0064 00       		.byte	0
 807 0065 03       		.uleb128 0x3
 808 0066 08       		.uleb128 0x8
 809 0067 3A       		.uleb128 0x3a
 810 0068 0B       		.uleb128 0xb
 811 0069 3B       		.uleb128 0x3b
 812 006a 0B       		.uleb128 0xb
 813 006b 49       		.uleb128 0x49
 814 006c 13       		.uleb128 0x13
 815 006d 00       		.byte	0
ARM GAS  C:\Users\ramanatg\AppData\Local\Temp\ccRBajVP.s 			page 22


 816 006e 00       		.byte	0
 817 006f 0A       		.uleb128 0xa
 818 0070 2E       		.uleb128 0x2e
 819 0071 00       		.byte	0
 820 0072 03       		.uleb128 0x3
 821 0073 0E       		.uleb128 0xe
 822 0074 3A       		.uleb128 0x3a
 823 0075 0B       		.uleb128 0xb
 824 0076 3B       		.uleb128 0x3b
 825 0077 0B       		.uleb128 0xb
 826 0078 27       		.uleb128 0x27
 827 0079 19       		.uleb128 0x19
 828 007a 20       		.uleb128 0x20
 829 007b 0B       		.uleb128 0xb
 830 007c 00       		.byte	0
 831 007d 00       		.byte	0
 832 007e 0B       		.uleb128 0xb
 833 007f 2E       		.uleb128 0x2e
 834 0080 01       		.byte	0x1
 835 0081 3F       		.uleb128 0x3f
 836 0082 19       		.uleb128 0x19
 837 0083 03       		.uleb128 0x3
 838 0084 0E       		.uleb128 0xe
 839 0085 3A       		.uleb128 0x3a
 840 0086 0B       		.uleb128 0xb
 841 0087 3B       		.uleb128 0x3b
 842 0088 0B       		.uleb128 0xb
 843 0089 27       		.uleb128 0x27
 844 008a 19       		.uleb128 0x19
 845 008b 11       		.uleb128 0x11
 846 008c 01       		.uleb128 0x1
 847 008d 12       		.uleb128 0x12
 848 008e 06       		.uleb128 0x6
 849 008f 40       		.uleb128 0x40
 850 0090 18       		.uleb128 0x18
 851 0091 9742     		.uleb128 0x2117
 852 0093 19       		.uleb128 0x19
 853 0094 01       		.uleb128 0x1
 854 0095 13       		.uleb128 0x13
 855 0096 00       		.byte	0
 856 0097 00       		.byte	0
 857 0098 0C       		.uleb128 0xc
 858 0099 0B       		.uleb128 0xb
 859 009a 01       		.byte	0x1
 860 009b 55       		.uleb128 0x55
 861 009c 17       		.uleb128 0x17
 862 009d 01       		.uleb128 0x1
 863 009e 13       		.uleb128 0x13
 864 009f 00       		.byte	0
 865 00a0 00       		.byte	0
 866 00a1 0D       		.uleb128 0xd
 867 00a2 13       		.uleb128 0x13
 868 00a3 01       		.byte	0x1
 869 00a4 0B       		.uleb128 0xb
 870 00a5 0B       		.uleb128 0xb
 871 00a6 3A       		.uleb128 0x3a
 872 00a7 0B       		.uleb128 0xb
ARM GAS  C:\Users\ramanatg\AppData\Local\Temp\ccRBajVP.s 			page 23


 873 00a8 3B       		.uleb128 0x3b
 874 00a9 0B       		.uleb128 0xb
 875 00aa 01       		.uleb128 0x1
 876 00ab 13       		.uleb128 0x13
 877 00ac 00       		.byte	0
 878 00ad 00       		.byte	0
 879 00ae 0E       		.uleb128 0xe
 880 00af 0D       		.uleb128 0xd
 881 00b0 00       		.byte	0
 882 00b1 03       		.uleb128 0x3
 883 00b2 0E       		.uleb128 0xe
 884 00b3 3A       		.uleb128 0x3a
 885 00b4 0B       		.uleb128 0xb
 886 00b5 3B       		.uleb128 0x3b
 887 00b6 05       		.uleb128 0x5
 888 00b7 49       		.uleb128 0x49
 889 00b8 13       		.uleb128 0x13
 890 00b9 38       		.uleb128 0x38
 891 00ba 0B       		.uleb128 0xb
 892 00bb 00       		.byte	0
 893 00bc 00       		.byte	0
 894 00bd 0F       		.uleb128 0xf
 895 00be 01       		.uleb128 0x1
 896 00bf 01       		.byte	0x1
 897 00c0 49       		.uleb128 0x49
 898 00c1 13       		.uleb128 0x13
 899 00c2 01       		.uleb128 0x1
 900 00c3 13       		.uleb128 0x13
 901 00c4 00       		.byte	0
 902 00c5 00       		.byte	0
 903 00c6 10       		.uleb128 0x10
 904 00c7 21       		.uleb128 0x21
 905 00c8 00       		.byte	0
 906 00c9 49       		.uleb128 0x49
 907 00ca 13       		.uleb128 0x13
 908 00cb 2F       		.uleb128 0x2f
 909 00cc 0B       		.uleb128 0xb
 910 00cd 00       		.byte	0
 911 00ce 00       		.byte	0
 912 00cf 11       		.uleb128 0x11
 913 00d0 34       		.uleb128 0x34
 914 00d1 00       		.byte	0
 915 00d2 03       		.uleb128 0x3
 916 00d3 0E       		.uleb128 0xe
 917 00d4 3A       		.uleb128 0x3a
 918 00d5 0B       		.uleb128 0xb
 919 00d6 3B       		.uleb128 0x3b
 920 00d7 05       		.uleb128 0x5
 921 00d8 49       		.uleb128 0x49
 922 00d9 13       		.uleb128 0x13
 923 00da 1C       		.uleb128 0x1c
 924 00db 0A       		.uleb128 0xa
 925 00dc 00       		.byte	0
 926 00dd 00       		.byte	0
 927 00de 12       		.uleb128 0x12
 928 00df 26       		.uleb128 0x26
 929 00e0 00       		.byte	0
ARM GAS  C:\Users\ramanatg\AppData\Local\Temp\ccRBajVP.s 			page 24


 930 00e1 49       		.uleb128 0x49
 931 00e2 13       		.uleb128 0x13
 932 00e3 00       		.byte	0
 933 00e4 00       		.byte	0
 934 00e5 13       		.uleb128 0x13
 935 00e6 34       		.uleb128 0x34
 936 00e7 00       		.byte	0
 937 00e8 03       		.uleb128 0x3
 938 00e9 08       		.uleb128 0x8
 939 00ea 3A       		.uleb128 0x3a
 940 00eb 0B       		.uleb128 0xb
 941 00ec 3B       		.uleb128 0x3b
 942 00ed 05       		.uleb128 0x5
 943 00ee 49       		.uleb128 0x49
 944 00ef 13       		.uleb128 0x13
 945 00f0 02       		.uleb128 0x2
 946 00f1 17       		.uleb128 0x17
 947 00f2 00       		.byte	0
 948 00f3 00       		.byte	0
 949 00f4 14       		.uleb128 0x14
 950 00f5 0B       		.uleb128 0xb
 951 00f6 01       		.byte	0x1
 952 00f7 55       		.uleb128 0x55
 953 00f8 17       		.uleb128 0x17
 954 00f9 00       		.byte	0
 955 00fa 00       		.byte	0
 956 00fb 15       		.uleb128 0x15
 957 00fc 0F       		.uleb128 0xf
 958 00fd 00       		.byte	0
 959 00fe 0B       		.uleb128 0xb
 960 00ff 0B       		.uleb128 0xb
 961 0100 49       		.uleb128 0x49
 962 0101 13       		.uleb128 0x13
 963 0102 00       		.byte	0
 964 0103 00       		.byte	0
 965 0104 16       		.uleb128 0x16
 966 0105 1D       		.uleb128 0x1d
 967 0106 01       		.byte	0x1
 968 0107 31       		.uleb128 0x31
 969 0108 13       		.uleb128 0x13
 970 0109 52       		.uleb128 0x52
 971 010a 01       		.uleb128 0x1
 972 010b 55       		.uleb128 0x55
 973 010c 17       		.uleb128 0x17
 974 010d 58       		.uleb128 0x58
 975 010e 0B       		.uleb128 0xb
 976 010f 59       		.uleb128 0x59
 977 0110 05       		.uleb128 0x5
 978 0111 00       		.byte	0
 979 0112 00       		.byte	0
 980 0113 17       		.uleb128 0x17
 981 0114 05       		.uleb128 0x5
 982 0115 00       		.byte	0
 983 0116 31       		.uleb128 0x31
 984 0117 13       		.uleb128 0x13
 985 0118 1C       		.uleb128 0x1c
 986 0119 05       		.uleb128 0x5
ARM GAS  C:\Users\ramanatg\AppData\Local\Temp\ccRBajVP.s 			page 25


 987 011a 00       		.byte	0
 988 011b 00       		.byte	0
 989 011c 18       		.uleb128 0x18
 990 011d 05       		.uleb128 0x5
 991 011e 00       		.byte	0
 992 011f 31       		.uleb128 0x31
 993 0120 13       		.uleb128 0x13
 994 0121 02       		.uleb128 0x2
 995 0122 17       		.uleb128 0x17
 996 0123 00       		.byte	0
 997 0124 00       		.byte	0
 998 0125 19       		.uleb128 0x19
 999 0126 898201   		.uleb128 0x4109
 1000 0129 01       		.byte	0x1
 1001 012a 11       		.uleb128 0x11
 1002 012b 01       		.uleb128 0x1
 1003 012c 31       		.uleb128 0x31
 1004 012d 13       		.uleb128 0x13
 1005 012e 01       		.uleb128 0x1
 1006 012f 13       		.uleb128 0x13
 1007 0130 00       		.byte	0
 1008 0131 00       		.byte	0
 1009 0132 1A       		.uleb128 0x1a
 1010 0133 8A8201   		.uleb128 0x410a
 1011 0136 00       		.byte	0
 1012 0137 02       		.uleb128 0x2
 1013 0138 18       		.uleb128 0x18
 1014 0139 9142     		.uleb128 0x2111
 1015 013b 18       		.uleb128 0x18
 1016 013c 00       		.byte	0
 1017 013d 00       		.byte	0
 1018 013e 1B       		.uleb128 0x1b
 1019 013f 898201   		.uleb128 0x4109
 1020 0142 01       		.byte	0x1
 1021 0143 11       		.uleb128 0x11
 1022 0144 01       		.uleb128 0x1
 1023 0145 31       		.uleb128 0x31
 1024 0146 13       		.uleb128 0x13
 1025 0147 00       		.byte	0
 1026 0148 00       		.byte	0
 1027 0149 1C       		.uleb128 0x1c
 1028 014a 1D       		.uleb128 0x1d
 1029 014b 01       		.byte	0x1
 1030 014c 31       		.uleb128 0x31
 1031 014d 13       		.uleb128 0x13
 1032 014e 52       		.uleb128 0x52
 1033 014f 01       		.uleb128 0x1
 1034 0150 55       		.uleb128 0x55
 1035 0151 17       		.uleb128 0x17
 1036 0152 58       		.uleb128 0x58
 1037 0153 0B       		.uleb128 0xb
 1038 0154 59       		.uleb128 0x59
 1039 0155 05       		.uleb128 0x5
 1040 0156 01       		.uleb128 0x1
 1041 0157 13       		.uleb128 0x13
 1042 0158 00       		.byte	0
 1043 0159 00       		.byte	0
ARM GAS  C:\Users\ramanatg\AppData\Local\Temp\ccRBajVP.s 			page 26


 1044 015a 1D       		.uleb128 0x1d
 1045 015b 1D       		.uleb128 0x1d
 1046 015c 00       		.byte	0
 1047 015d 31       		.uleb128 0x31
 1048 015e 13       		.uleb128 0x13
 1049 015f 11       		.uleb128 0x11
 1050 0160 01       		.uleb128 0x1
 1051 0161 12       		.uleb128 0x12
 1052 0162 06       		.uleb128 0x6
 1053 0163 58       		.uleb128 0x58
 1054 0164 0B       		.uleb128 0xb
 1055 0165 59       		.uleb128 0x59
 1056 0166 05       		.uleb128 0x5
 1057 0167 00       		.byte	0
 1058 0168 00       		.byte	0
 1059 0169 1E       		.uleb128 0x1e
 1060 016a 2E       		.uleb128 0x2e
 1061 016b 01       		.byte	0x1
 1062 016c 3F       		.uleb128 0x3f
 1063 016d 19       		.uleb128 0x19
 1064 016e 03       		.uleb128 0x3
 1065 016f 0E       		.uleb128 0xe
 1066 0170 27       		.uleb128 0x27
 1067 0171 19       		.uleb128 0x19
 1068 0172 49       		.uleb128 0x49
 1069 0173 13       		.uleb128 0x13
 1070 0174 34       		.uleb128 0x34
 1071 0175 19       		.uleb128 0x19
 1072 0176 3C       		.uleb128 0x3c
 1073 0177 19       		.uleb128 0x19
 1074 0178 01       		.uleb128 0x1
 1075 0179 13       		.uleb128 0x13
 1076 017a 00       		.byte	0
 1077 017b 00       		.byte	0
 1078 017c 1F       		.uleb128 0x1f
 1079 017d 05       		.uleb128 0x5
 1080 017e 00       		.byte	0
 1081 017f 49       		.uleb128 0x49
 1082 0180 13       		.uleb128 0x13
 1083 0181 00       		.byte	0
 1084 0182 00       		.byte	0
 1085 0183 20       		.uleb128 0x20
 1086 0184 2E       		.uleb128 0x2e
 1087 0185 01       		.byte	0x1
 1088 0186 3F       		.uleb128 0x3f
 1089 0187 19       		.uleb128 0x19
 1090 0188 03       		.uleb128 0x3
 1091 0189 0E       		.uleb128 0xe
 1092 018a 3A       		.uleb128 0x3a
 1093 018b 0B       		.uleb128 0xb
 1094 018c 3B       		.uleb128 0x3b
 1095 018d 0B       		.uleb128 0xb
 1096 018e 27       		.uleb128 0x27
 1097 018f 19       		.uleb128 0x19
 1098 0190 3C       		.uleb128 0x3c
 1099 0191 19       		.uleb128 0x19
 1100 0192 01       		.uleb128 0x1
ARM GAS  C:\Users\ramanatg\AppData\Local\Temp\ccRBajVP.s 			page 27


 1101 0193 13       		.uleb128 0x13
 1102 0194 00       		.byte	0
 1103 0195 00       		.byte	0
 1104 0196 21       		.uleb128 0x21
 1105 0197 2E       		.uleb128 0x2e
 1106 0198 01       		.byte	0x1
 1107 0199 3F       		.uleb128 0x3f
 1108 019a 19       		.uleb128 0x19
 1109 019b 03       		.uleb128 0x3
 1110 019c 0E       		.uleb128 0xe
 1111 019d 3A       		.uleb128 0x3a
 1112 019e 0B       		.uleb128 0xb
 1113 019f 3B       		.uleb128 0x3b
 1114 01a0 0B       		.uleb128 0xb
 1115 01a1 27       		.uleb128 0x27
 1116 01a2 19       		.uleb128 0x19
 1117 01a3 49       		.uleb128 0x49
 1118 01a4 13       		.uleb128 0x13
 1119 01a5 3C       		.uleb128 0x3c
 1120 01a6 19       		.uleb128 0x19
 1121 01a7 01       		.uleb128 0x1
 1122 01a8 13       		.uleb128 0x13
 1123 01a9 00       		.byte	0
 1124 01aa 00       		.byte	0
 1125 01ab 22       		.uleb128 0x22
 1126 01ac 2E       		.uleb128 0x2e
 1127 01ad 01       		.byte	0x1
 1128 01ae 3F       		.uleb128 0x3f
 1129 01af 19       		.uleb128 0x19
 1130 01b0 03       		.uleb128 0x3
 1131 01b1 0E       		.uleb128 0xe
 1132 01b2 3A       		.uleb128 0x3a
 1133 01b3 0B       		.uleb128 0xb
 1134 01b4 3B       		.uleb128 0x3b
 1135 01b5 0B       		.uleb128 0xb
 1136 01b6 27       		.uleb128 0x27
 1137 01b7 19       		.uleb128 0x19
 1138 01b8 3C       		.uleb128 0x3c
 1139 01b9 19       		.uleb128 0x19
 1140 01ba 00       		.byte	0
 1141 01bb 00       		.byte	0
 1142 01bc 00       		.byte	0
 1143              		.section	.debug_loc,"",%progbits
 1144              	.Ldebug_loc0:
 1145              	.LLST0:
 1146 0000 0E000000 		.4byte	.LVL0
 1147 0004 18000000 		.4byte	.LVL1
 1148 0008 0200     		.2byte	0x2
 1149 000a 30       		.byte	0x30
 1150 000b 9F       		.byte	0x9f
 1151 000c 18000000 		.4byte	.LVL1
 1152 0010 22000000 		.4byte	.LVL2
 1153 0014 0200     		.2byte	0x2
 1154 0016 31       		.byte	0x31
 1155 0017 9F       		.byte	0x9f
 1156 0018 22000000 		.4byte	.LVL2
 1157 001c A4010000 		.4byte	.LFE7
ARM GAS  C:\Users\ramanatg\AppData\Local\Temp\ccRBajVP.s 			page 28


 1158 0020 0200     		.2byte	0x2
 1159 0022 32       		.byte	0x32
 1160 0023 9F       		.byte	0x9f
 1161 0024 00000000 		.4byte	0
 1162 0028 00000000 		.4byte	0
 1163              	.LLST1:
 1164 002c 0E000000 		.4byte	.LVL0
 1165 0030 18000000 		.4byte	.LVL1
 1166 0034 0600     		.2byte	0x6
 1167 0036 F2       		.byte	0xf2
 1168 0037 72010000 		.4byte	.Ldebug_info0+370
 1169 003b 00       		.sleb128 0
 1170 003c 18000000 		.4byte	.LVL1
 1171 0040 A4010000 		.4byte	.LFE7
 1172 0044 0600     		.2byte	0x6
 1173 0046 F2       		.byte	0xf2
 1174 0047 72010000 		.4byte	.Ldebug_info0+370
 1175 004b 06       		.sleb128 6
 1176 004c 00000000 		.4byte	0
 1177 0050 00000000 		.4byte	0
 1178              	.LLST2:
 1179 0054 0E000000 		.4byte	.LVL0
 1180 0058 18000000 		.4byte	.LVL1
 1181 005c 0600     		.2byte	0x6
 1182 005e 0C       		.byte	0xc
 1183 005f 00300F40 		.4byte	0x400f3000
 1184 0063 9F       		.byte	0x9f
 1185 0064 18000000 		.4byte	.LVL1
 1186 0068 A4010000 		.4byte	.LFE7
 1187 006c 0600     		.2byte	0x6
 1188 006e 0C       		.byte	0xc
 1189 006f 00400F40 		.4byte	0x400f4000
 1190 0073 9F       		.byte	0x9f
 1191 0074 00000000 		.4byte	0
 1192 0078 00000000 		.4byte	0
 1193              		.section	.debug_aranges,"",%progbits
 1194 0000 1C000000 		.4byte	0x1c
 1195 0004 0200     		.2byte	0x2
 1196 0006 00000000 		.4byte	.Ldebug_info0
 1197 000a 04       		.byte	0x4
 1198 000b 00       		.byte	0
 1199 000c 0000     		.2byte	0
 1200 000e 0000     		.2byte	0
 1201 0010 00000000 		.4byte	.LFB7
 1202 0014 A4010000 		.4byte	.LFE7-.LFB7
 1203 0018 00000000 		.4byte	0
 1204 001c 00000000 		.4byte	0
 1205              		.section	.debug_ranges,"",%progbits
 1206              	.Ldebug_ranges0:
 1207 0000 04000000 		.4byte	.LBB16
 1208 0004 06000000 		.4byte	.LBE16
 1209 0008 0A000000 		.4byte	.LBB26
 1210 000c 0C000000 		.4byte	.LBE26
 1211 0010 0E000000 		.4byte	.LBB27
 1212 0014 34000000 		.4byte	.LBE27
 1213 0018 36000000 		.4byte	.LBB28
 1214 001c 3A000000 		.4byte	.LBE28
ARM GAS  C:\Users\ramanatg\AppData\Local\Temp\ccRBajVP.s 			page 29


 1215 0020 3C000000 		.4byte	.LBB33
 1216 0024 40000000 		.4byte	.LBE33
 1217 0028 40000000 		.4byte	.LBB34
 1218 002c 60000000 		.4byte	.LBE34
 1219 0030 62000000 		.4byte	.LBB36
 1220 0034 66000000 		.4byte	.LBE36
 1221 0038 00000000 		.4byte	0
 1222 003c 00000000 		.4byte	0
 1223 0040 04000000 		.4byte	.LBB17
 1224 0044 06000000 		.4byte	.LBE17
 1225 0048 0A000000 		.4byte	.LBB24
 1226 004c 0C000000 		.4byte	.LBE24
 1227 0050 0E000000 		.4byte	.LBB25
 1228 0054 22000000 		.4byte	.LBE25
 1229 0058 00000000 		.4byte	0
 1230 005c 00000000 		.4byte	0
 1231 0060 3A000000 		.4byte	.LBB29
 1232 0064 3C000000 		.4byte	.LBE29
 1233 0068 60000000 		.4byte	.LBB35
 1234 006c 62000000 		.4byte	.LBE35
 1235 0070 88000000 		.4byte	.LBB37
 1236 0074 FA000000 		.4byte	.LBE37
 1237 0078 00000000 		.4byte	0
 1238 007c 00000000 		.4byte	0
 1239 0080 00000000 		.4byte	.LFB7
 1240 0084 A4010000 		.4byte	.LFE7
 1241 0088 00000000 		.4byte	0
 1242 008c 00000000 		.4byte	0
 1243              		.section	.debug_line,"",%progbits
 1244              	.Ldebug_line0:
 1245 0000 6D010000 		.section	.debug_str,"MS",%progbits,1
 1245      0200D600 
 1245      00000201 
 1245      FB0E0D00 
 1245      01010101 
 1246              	.LASF19:
 1247 0000 72656733 		.ascii	"reg32\000"
 1247      3200
 1248              	.LASF11:
 1249 0006 73697A65 		.ascii	"size_t\000"
 1249      5F7400
 1250              	.LASF20:
 1251 000d 416E616C 		.ascii	"AnalogSetDefault\000"
 1251      6F675365 
 1251      74446566 
 1251      61756C74 
 1251      00
 1252              	.LASF25:
 1253 001e 6366675F 		.ascii	"cfg_memset_list\000"
 1253      6D656D73 
 1253      65745F6C 
 1253      69737400 
 1254              	.LASF21:
 1255 002e 436C6F63 		.ascii	"ClockSetup\000"
 1255      6B536574 
 1255      757000
 1256              	.LASF30:
ARM GAS  C:\Users\ramanatg\AppData\Local\Temp\ccRBajVP.s 			page 30


 1257 0039 433A5C50 		.ascii	"C:\\Program Files (x86)\\Cypress\\CYALKIT-E02 Solar"
 1257      726F6772 
 1257      616D2046 
 1257      696C6573 
 1257      20287838 
 1258 0069 2D506F77 		.ascii	"-Powered BLE Sensor Beacon RDK\\1.0\\Firmware\\BLE\\"
 1258      65726564 
 1258      20424C45 
 1258      2053656E 
 1258      736F7220 
 1259 0099 536F6C61 		.ascii	"Solar_BLE_Sensor\\Solar_BLE_Sensor.cydsn\000"
 1259      725F424C 
 1259      455F5365 
 1259      6E736F72 
 1259      5C536F6C 
 1260              	.LASF4:
 1261 00c1 73686F72 		.ascii	"short unsigned int\000"
 1261      7420756E 
 1261      7369676E 
 1261      65642069 
 1261      6E7400
 1262              	.LASF15:
 1263 00d4 666C6F61 		.ascii	"float\000"
 1263      7400
 1264              	.LASF23:
 1265 00da 73697A65 		.ascii	"size\000"
 1265      00
 1266              	.LASF18:
 1267 00df 72656738 		.ascii	"reg8\000"
 1267      00
 1268              	.LASF6:
 1269 00e4 6C6F6E67 		.ascii	"long unsigned int\000"
 1269      20756E73 
 1269      69676E65 
 1269      6420696E 
 1269      7400
 1270              	.LASF12:
 1271 00f6 75696E74 		.ascii	"uint8\000"
 1271      3800
 1272              	.LASF31:
 1273 00fc 43594D45 		.ascii	"CYMEMZERO\000"
 1273      4D5A4552 
 1273      4F00
 1274              	.LASF2:
 1275 0106 756E7369 		.ascii	"unsigned char\000"
 1275      676E6564 
 1275      20636861 
 1275      7200
 1276              	.LASF26:
 1277 0114 6D656D73 		.ascii	"memset\000"
 1277      657400
 1278              	.LASF16:
 1279 011b 646F7562 		.ascii	"double\000"
 1279      6C6500
 1280              	.LASF32:
 1281 0122 63796669 		.ascii	"cyfitter_cfg\000"
 1281      74746572 
ARM GAS  C:\Users\ramanatg\AppData\Local\Temp\ccRBajVP.s 			page 31


 1281      5F636667 
 1281      00
 1282              	.LASF13:
 1283 012f 75696E74 		.ascii	"uint16\000"
 1283      313600
 1284              	.LASF17:
 1285 0136 63797374 		.ascii	"cystatus\000"
 1285      61747573 
 1285      00
 1286              	.LASF14:
 1287 013f 75696E74 		.ascii	"uint32\000"
 1287      333200
 1288              	.LASF28:
 1289 0146 474E5520 		.ascii	"GNU C 4.9.3 20150303 (release) [ARM/embedded-4_9-br"
 1289      4320342E 
 1289      392E3320 
 1289      32303135 
 1289      30333033 
 1290 0179 616E6368 		.ascii	"anch revision 221220] -mcpu=cortex-m0 -mthumb -g -O"
 1290      20726576 
 1290      6973696F 
 1290      6E203232 
 1290      31323230 
 1291 01ac 33202D66 		.ascii	"3 -ffunction-sections -ffat-lto-objects\000"
 1291      66756E63 
 1291      74696F6E 
 1291      2D736563 
 1291      74696F6E 
 1292              	.LASF0:
 1293 01d4 756E7369 		.ascii	"unsigned int\000"
 1293      676E6564 
 1293      20696E74 
 1293      00
 1294              	.LASF22:
 1295 01e1 61646472 		.ascii	"address\000"
 1295      65737300 
 1296              	.LASF8:
 1297 01e9 6C6F6E67 		.ascii	"long long unsigned int\000"
 1297      206C6F6E 
 1297      6720756E 
 1297      7369676E 
 1297      65642069 
 1298              	.LASF24:
 1299 0200 6366675F 		.ascii	"cfg_memset_t\000"
 1299      6D656D73 
 1299      65745F74 
 1299      00
 1300              	.LASF9:
 1301 020d 73697A65 		.ascii	"sizetype\000"
 1301      74797065 
 1301      00
 1302              	.LASF7:
 1303 0216 6C6F6E67 		.ascii	"long long int\000"
 1303      206C6F6E 
 1303      6720696E 
 1303      7400
 1304              	.LASF34:
ARM GAS  C:\Users\ramanatg\AppData\Local\Temp\ccRBajVP.s 			page 32


 1305 0224 43794465 		.ascii	"CyDelayUs\000"
 1305      6C617955 
 1305      7300
 1306              	.LASF10:
 1307 022e 63686172 		.ascii	"char\000"
 1307      00
 1308              	.LASF33:
 1309 0233 43795379 		.ascii	"CySysClkEcoStart\000"
 1309      73436C6B 
 1309      45636F53 
 1309      74617274 
 1309      00
 1310              	.LASF3:
 1311 0244 73686F72 		.ascii	"short int\000"
 1311      7420696E 
 1311      7400
 1312              	.LASF27:
 1313 024e 43795379 		.ascii	"CySysClkWriteImoFreq\000"
 1313      73436C6B 
 1313      57726974 
 1313      65496D6F 
 1313      46726571 
 1314              	.LASF5:
 1315 0263 6C6F6E67 		.ascii	"long int\000"
 1315      20696E74 
 1315      00
 1316              	.LASF1:
 1317 026c 7369676E 		.ascii	"signed char\000"
 1317      65642063 
 1317      68617200 
 1318              	.LASF29:
 1319 0278 47656E65 		.ascii	"Generated_Source\\PSoC4\\cyfitter_cfg.c\000"
 1319      72617465 
 1319      645F536F 
 1319      75726365 
 1319      5C50536F 
 1320              		.ident	"GCC: (GNU Tools for ARM Embedded Processors) 4.9.3 20150303 (release) [ARM/embedded-4_9-br
